Component: Arm Compiler for Embedded 6.19 Tool: armlink [5e73cb00]

==============================================================================

Section Cross References

    main.o(.text.Init_USARTx) refers to uart.o(.text.UART1_Init) for UART1_Init
    main.o(.text.Init_USARTx) refers to uart.o(.text.UART1_GPIO_Init) for UART1_GPIO_Init
    main.o(.text.Init_USARTx) refers to uart.o(.text.USART_Init) for USART_Init
    main.o(.text.Init_USARTx) refers to uart.o(.text.UART2_Init) for UART2_Init
    main.o(.text.Init_USARTx) refers to uart.o(.text.UART2_GPIO_Init) for UART2_GPIO_Init
    main.o(.ARM.exidx.text.Init_USARTx) refers to main.o(.text.Init_USARTx) for [Anonymous Symbol]
    main.o(.ARM.exidx.text.Motor1_GPIO_Init) refers to main.o(.text.Motor1_GPIO_Init) for [Anonymous Symbol]
    main.o(.ARM.exidx.text.Motor2_GPIO_Init) refers to main.o(.text.Motor2_GPIO_Init) for [Anonymous Symbol]
    main.o(.ARM.exidx.text.Timer2_Init) refers to main.o(.text.Timer2_Init) for [Anonymous Symbol]
    main.o(.ARM.exidx.text.Timer3_Init) refers to main.o(.text.Timer3_Init) for [Anonymous Symbol]
    main.o(.ARM.exidx.text.Motor1_Backward) refers to main.o(.text.Motor1_Backward) for [Anonymous Symbol]
    main.o(.ARM.exidx.text.Motor1_Forward) refers to main.o(.text.Motor1_Forward) for [Anonymous Symbol]
    main.o(.ARM.exidx.text.Motor2_Backward) refers to main.o(.text.Motor2_Backward) for [Anonymous Symbol]
    main.o(.ARM.exidx.text.Motor2_Forward) refers to main.o(.text.Motor2_Forward) for [Anonymous Symbol]
    main.o(.text.main) refers to rtc.o(.text.RTC_Init) for RTC_Init
    main.o(.text.main) refers to led.o(.text.LED_Init) for LED_Init
    main.o(.text.main) refers to sysclock.o(.text.System_Clock_Init) for System_Clock_Init
    main.o(.text.main) refers to systimer.o(.text.SysTick_Init) for SysTick_Init
    main.o(.text.main) refers to display.o(.text.Display_GPIO_Init) for Display_GPIO_Init
    main.o(.text.main) refers to spi.o(.text.SPI1_Init) for SPI1_Init
    main.o(.text.main) refers to display.o(.text.Display_init) for Display_init
    main.o(.text.main) refers to display.o(.text.LCD_clrScr) for LCD_clrScr
    main.o(.text.main) refers to display.o(.text.LCD_setColor) for LCD_setColor
    main.o(.text.main) refers to display.o(.text.LCD_setColorBg) for LCD_setColorBg
    main.o(.text.main) refers to main.o(.rodata.str1.1) for .L.str
    main.o(.text.main) refers to display.o(.text.LCD_print) for LCD_print
    main.o(.text.main) refers to main.o(.bss.strTime) for strTime
    main.o(.text.main) refers to main.o(.bss.strDate) for strDate
    main.o(.text.main) refers to rtc.o(.text.Get_RTC_Calendar) for Get_RTC_Calendar
    main.o(.text.main) refers to main.o(.text.Motor1_GPIO_Init) for Motor1_GPIO_Init
    main.o(.text.main) refers to main.o(.text.Timer2_Init) for Timer2_Init
    main.o(.text.main) refers to main.o(.text.Motor2_GPIO_Init) for Motor2_GPIO_Init
    main.o(.text.main) refers to main.o(.text.Timer3_Init) for Timer3_Init
    main.o(.text.main) refers to main.o(.text.Init_USARTx) for Init_USARTx
    main.o(.text.main) refers to printf.o(.text) for printf
    main.o(.text.main) refers to scanf.o(.text) for scanf
    main.o(.text.main) refers to main.o(.text.Motor1_Forward) for Motor1_Forward
    main.o(.text.main) refers to main.o(.text.Motor2_Forward) for Motor2_Forward
    main.o(.text.main) refers to main.o(.text.Motor1_Backward) for Motor1_Backward
    main.o(.text.main) refers to main.o(.text.Motor2_Backward) for Motor2_Backward
    main.o(.ARM.exidx.text.main) refers to main.o(.text.main) for [Anonymous Symbol]
    startup_stm32l476xx.o(STACK) refers (Special) to heapauxi.o(.text) for __use_two_region_memory
    startup_stm32l476xx.o(HEAP) refers (Special) to heapauxi.o(.text) for __use_two_region_memory
    startup_stm32l476xx.o(RESET) refers (Special) to heapauxi.o(.text) for __use_two_region_memory
    startup_stm32l476xx.o(RESET) refers to startup_stm32l476xx.o(STACK) for __initial_sp
    startup_stm32l476xx.o(RESET) refers to startup_stm32l476xx.o(.text) for Reset_Handler
    startup_stm32l476xx.o(RESET) refers to systimer.o(.text.SysTick_Handler) for SysTick_Handler
    startup_stm32l476xx.o(RESET) refers to exti.o(.text.EXTI15_10_IRQHandler) for EXTI15_10_IRQHandler
    startup_stm32l476xx.o(.text) refers (Special) to heapauxi.o(.text) for __use_two_region_memory
    startup_stm32l476xx.o(.text) refers to __main.o(!!!main) for __main
    startup_stm32l476xx.o(.text) refers to startup_stm32l476xx.o(HEAP) for Heap_Mem
    startup_stm32l476xx.o(.text) refers to startup_stm32l476xx.o(STACK) for Stack_Mem
    exti.o(.text.EXTI_Init) refers to exti.o(.text.__NVIC_EnableIRQ) for __NVIC_EnableIRQ
    exti.o(.text.EXTI_Init) refers to exti.o(.text.__NVIC_SetPriority) for __NVIC_SetPriority
    exti.o(.ARM.exidx.text.EXTI_Init) refers to exti.o(.text.EXTI_Init) for [Anonymous Symbol]
[...]
    __lcnum_c_end                            0x0800588c   Data           0  lc_numeric_c.o(locale$$data)
    locale$$data                             0x0800588c   Section      272  lc_ctype_c.o(locale$$data)
    __lcctype_c_name                         0x08005890   Data           2  lc_ctype_c.o(locale$$data)
    __lcctype_c_start                        0x08005898   Data           0  lc_ctype_c.o(locale$$data)
    __lcctype_c_end                          0x0800599c   Data           0  lc_ctype_c.o(locale$$data)
    .bss                                     0x20000be8   Section       96  libspace.o(.bss)
    X1                                       0x20000c48   Data           4  display.o(.bss.X1)
    [Anonymous Symbol]                       0x20000c48   Section        0  display.o(.bss.X1)
    X2                                       0x20000c4c   Data           4  display.o(.bss.X2)
    [Anonymous Symbol]                       0x20000c4c   Section        0  display.o(.bss.X2)
    Y1                                       0x20000c50   Data           4  display.o(.bss.Y1)
    [Anonymous Symbol]                       0x20000c50   Section        0  display.o(.bss.Y1)
    Y2                                       0x20000c54   Data           4  display.o(.bss.Y2)
    [Anonymous Symbol]                       0x20000c54   Section        0  display.o(.bss.Y2)
    bch                                      0x20000d00   Data           4  display.o(.bss.bch)
    [Anonymous Symbol]                       0x20000d00   Section        0  display.o(.bss.bch)
    bcl                                      0x20000d04   Data           4  display.o(.bss.bcl)
    [Anonymous Symbol]                       0x20000d04   Section        0  display.o(.bss.bcl)
    cfont                                    0x20000d08   Data           8  display.o(.bss.cfont)
    [Anonymous Symbol]                       0x20000d08   Section        0  display.o(.bss.cfont)
    fch                                      0x20000d10   Data           4  display.o(.bss.fch)
    [Anonymous Symbol]                       0x20000d10   Section        0  display.o(.bss.fch)
    fcl                                      0x20000d14   Data           4  display.o(.bss.fcl)
    [Anonymous Symbol]                       0x20000d14   Section        0  display.o(.bss.fcl)
    Heap_Mem                                 0x20000d38   Data         512  startup_stm32l476xx.o(HEAP)
    HEAP                                     0x20000d38   Section      512  startup_stm32l476xx.o(HEAP)
    Stack_Mem                                0x20000f38   Data        1024  startup_stm32l476xx.o(STACK)
    STACK                                    0x20000f38   Section     1024  startup_stm32l476xx.o(STACK)
    __initial_sp                             0x20001338   Data           0  startup_stm32l476xx.o(STACK)

    Global Symbols

    Symbol Name                              Value     Ov Type        Size  Object(Section)

    BuildAttributes$$THM_ISAv4$E$P$D$K$B$S$7EM$VFPi3$EXTD16$VFPS$VFMA$PE$A:L22UL41UL21$X:L11$S22US41US21$IEEE1$IW$~IW$USESV6$~STKCKD$USESV7$~SHL$OTIME$ROPI$IEEEX$EBA8$UX$STANDARDLIB$REQ8$PRES8$EABIv2 0x00000000   Number         0  anon$$obj.o ABSOLUTE
    Image$$ER_IROM1$$RW$$Length              0x00000000   Number         0  anon$$obj.o ABSOLUTE
    Image$$ER_IROM1$$ZI$$Length              0x00000000   Number         0  anon$$obj.o ABSOLUTE
    Image$$RW_IRAM1$$RO$$Length              0x00000000   Number         0  anon$$obj.o ABSOLUTE
    _printf_flags                            0x00000000   Number         0  printf_stubs.o ABSOLUTE
    _printf_return_value                     0x00000000   Number         0  printf_stubs.o ABSOLUTE
    _printf_sizespec                         0x00000000   Number         0  printf_stubs.o ABSOLUTE
    _printf_widthprec                        0x00000000   Number         0  printf_stubs.o ABSOLUTE
    __ARM_exceptions_init                     - Undefined Weak Reference
    __alloca_initialize                       - Undefined Weak Reference
    __arm_preinit_                            - Undefined Weak Reference
    __arm_relocate_pie_                       - Undefined Weak Reference
    __cpp_initialize__aeabi_                  - Undefined Weak Reference
    __cxa_finalize                            - Undefined Weak Reference
    __sigvec_lookup                           - Undefined Weak Reference
    _atexit_init                              - Undefined Weak Reference
    _call_atexit_fns                          - Undefined Weak Reference
    _clock_init                               - Undefined Weak Reference
    _fp_trap_init                             - Undefined Weak Reference
    _fp_trap_shutdown                         - Undefined Weak Reference
    _get_lc_collate                           - Undefined Weak Reference
    _get_lc_monetary                          - Undefined Weak Reference
    _get_lc_time                              - Undefined Weak Reference
    _getenv_init                              - Undefined Weak Reference
    _handle_redirection                       - Undefined Weak Reference
    _init_alloc                               - Undefined Weak Reference
    _init_user_alloc                          - Undefined Weak Reference
    _initio                                   - Undefined Weak Reference
    _mutex_acquire                            - Undefined Weak Reference
    _mutex_release                            - Undefined Weak Reference
    _printf_mbtowc                            - Undefined Weak Reference
    _printf_wc                                - Undefined Weak Reference
    _rand_init                                - Undefined Weak Reference
    _signal_finish                            - Undefined Weak Reference
    _signal_init                              - Undefined Weak Reference
    _terminate_alloc                          - Undefined Weak Reference
    _terminate_user_alloc                     - Undefined Weak Reference
    _terminateio                              - Undefined Weak Reference
    __Vectors_Size                           0x00000188   Number         0  startup_stm32l476xx.o ABSOLUTE
    Image$$RW_IRAM1$$ZI$$Length              0x00000750   Number         0  anon$$obj.o ABSOLUTE
    Image$$RW_IRAM1$$Length                  0x00000be8   Number         0  anon$$obj.o ABSOLUTE
    Image$$RW_IRAM1$$RW$$Length              0x00000be8   Number         0  anon$$obj.o ABSOLUTE
    Image$$ER_IROM1$$RO$$Length              0x0000599c   Number         0  anon$$obj.o ABSOLUTE
    Image$$ER_IROM1$$RO$$Base                0x08000000   Number         0  anon$$obj.o ABSOLUTE
    Load$$ER_IROM1$$Base                     0x08000000   Number         0  anon$$obj.o ABSOLUTE
    __Vectors                                0x08000000   Data           4  startup_stm32l476xx.o(RESET)
    __Vectors_End                            0x08000188   Data           0  startup_stm32l476xx.o(RESET)
    __main                                   0x08000189   Thumb Code     8  __main.o(!!!main)
    __scatterload                            0x08000191   Thumb Code     0  __scatter.o(!!!scatter)
    __scatterload_rt2                        0x08000191   Thumb Code    44  __scatter.o(!!!scatter)
    __scatterload_rt2_thumb_only             0x08000191   Thumb Code     0  __scatter.o(!!!scatter)
    __scatterload_null                       0x0800019f   Thumb Code     0  __scatter.o(!!!scatter)
    __decompress                             0x080001c5   Thumb Code   100  __dclz77c.o(!!dclz77c)
    __decompress2                            0x080001c5   Thumb Code     0  __dclz77c.o(!!dclz77c)
    __scatterload_zeroinit                   0x08000229   Thumb Code    28  __scatter_zi.o(!!handler_zi)
    _printf_n                                0x08000245   Thumb Code     0  _printf_n.o(.ARM.Collect$$_printf_percent$$00000001)
    _printf_percent                          0x08000245   Thumb Code     0  _printf_percent.o(.ARM.Collect$$_printf_percent$$00000000)
    _printf_p                                0x0800024b   Thumb Code     0  _printf_p.o(.ARM.Collect$$_printf_percent$$00000002)
    _printf_f                                0x08000251   Thumb Code     0  _printf_f.o(.ARM.Collect$$_printf_percent$$00000003)
    _printf_e                                0x08000257   Thumb Code     0  _printf_e.o(.ARM.Collect$$_printf_percent$$00000004)
    _printf_g                                0x0800025d   Thumb Code     0  _printf_g.o(.ARM.Collect$$_printf_percent$$00000005)
    _printf_a                                0x08000263   Thumb Code     0  _printf_a.o(.ARM.Collect$$_printf_percent$$00000006)
    _printf_ll                               0x08000269   Thumb Code     0  _printf_ll.o(.ARM.Collect$$_printf_percent$$00000007)
    _printf_i                                0x08000273   Thumb Code     0  _printf_i.o(.ARM.Collect$$_printf_percent$$00000008)
    _printf_d                                0x08000279   Thumb Code     0  _printf_d.o(.ARM.Collect$$_printf_percent$$00000009)
    _printf_u                                0x0800027f   Thumb Code     0  _printf_u.o(.ARM.Collect$$_printf_percent$$0000000A)
    _printf_o                                0x08000285   Thumb Code     0  _printf_o.o(.ARM.Collect$$_printf_percent$$0000000B)
    _printf_x                                0x0800028b   Thumb Code     0  _printf_x.o(.ARM.Collect$$_printf_percent$$0000000C)
    _printf_lli                              0x08000291   Thumb Code     0  _printf_lli.o(.ARM.Collect$$_printf_percent$$0000000D)
    _printf_lld                              0x08000297   Thumb Code     0  _printf_lld.o(.ARM.Collect$$_printf_percent$$0000000E)
    _printf_llu                              0x0800029d   Thumb Code     0  _printf_llu.o(.ARM.Collect$$_printf_percent$$0000000F)
    _printf_llo                              0x080002a3   Thumb Code     0  _printf_llo.o(.ARM.Collect$$_printf_percent$$00000010)
    _printf_llx                              0x080002a9   Thumb Code     0  _printf_llx.o(.ARM.Collect$$_printf_percent$$00000011)
    _printf_l                                0x080002af   Thumb Code     0  _printf_l.o(.ARM.Collect$$_printf_percent$$00000012)
    _printf_c                                0x080002b9   Thumb Code     0  _printf_c.o(.ARM.Collect$$_printf_percent$$00000013)
    _printf_s                                0x080002bf   Thumb Code     0  _printf_s.o(.ARM.Collect$$_printf_percent$$00000014)
    _printf_lc                               0x080002c5   Thumb Code     0  _printf_lc.o(.ARM.Collect$$_printf_percent$$00000015)
    _printf_ls                               0x080002cb   Thumb Code     0  _printf_ls.o(.ARM.Collect$$_printf_percent$$00000016)
    _printf_percent_end                      0x080002d1   Thumb Code     0  _printf_percent_end.o(.ARM.Collect$$_printf_percent$$00000017)
    __rt_lib_init                            0x080002d5   Thumb Code     0  libinit.o(.ARM.Collect$$libinit$$00000000)
    __rt_lib_init_fp_1                       0x080002d7   Thumb Code     0  libinit2.o(.ARM.Collect$$libinit$$00000001)
    __rt_lib_init_heap_1                     0x080002db   Thumb Code     0  libinit2.o(.ARM.Collect$$libinit$$0000000C)
    __rt_lib_init_lc_common                  0x080002db   Thumb Code     0  libinit2.o(.ARM.Collect$$libinit$$00000011)
    __rt_lib_init_preinit_1                  0x080002db   Thumb Code     0  libinit2.o(.ARM.Collect$$libinit$$00000006)
    __rt_lib_init_rand_1                     0x080002db   Thumb Code     0  libinit2.o(.ARM.Collect$$libinit$$00000010)
    __rt_lib_init_relocate_pie_1             0x080002db   Thumb Code     0  libinit2.o(.ARM.Collect$$libinit$$00000004)
    __rt_lib_init_user_alloc_1               0x080002db   Thumb Code     0  libinit2.o(.ARM.Collect$$libinit$$0000000E)
    __rt_lib_init_lc_collate_1               0x080002e1   Thumb Code     0  libinit2.o(.ARM.Collect$$libinit$$00000013)
    __rt_lib_init_lc_ctype_2                 0x080002e1   Thumb Code     0  libinit2.o(.ARM.Collect$$libinit$$00000014)
    __rt_lib_init_lc_ctype_1                 0x080002ed   Thumb Code     0  libinit2.o(.ARM.Collect$$libinit$$00000015)
    __rt_lib_init_lc_monetary_1              0x080002ed   Thumb Code     0  libinit2.o(.ARM.Collect$$libinit$$00000017)
    __rt_lib_init_lc_numeric_2               0x080002ed   Thumb Code     0  libinit2.o(.ARM.Collect$$libinit$$00000018)
    __rt_lib_init_alloca_1                   0x080002f7   Thumb Code     0  libinit2.o(.ARM.Collect$$libinit$$00000030)
    __rt_lib_init_argv_1                     0x080002f7   Thumb Code     0  libinit2.o(.ARM.Collect$$libinit$$0000002E)
    __rt_lib_init_atexit_1                   0x080002f7   Thumb Code     0  libinit2.o(.ARM.Collect$$libinit$$0000001D)
    __rt_lib_init_clock_1                    0x080002f7   Thumb Code     0  libinit2.o(.ARM.Collect$$libinit$$00000023)
    __rt_lib_init_cpp_1                      0x080002f7   Thumb Code     0  libinit2.o(.ARM.Collect$$libinit$$00000034)
    __rt_lib_init_exceptions_1               0x080002f7   Thumb Code     0  libinit2.o(.ARM.Collect$$libinit$$00000032)
    __rt_lib_init_fp_trap_1                  0x080002f7   Thumb Code     0  libinit2.o(.ARM.Collect$$libinit$$00000021)
    __rt_lib_init_getenv_1                   0x080002f7   Thumb Code     0  libinit2.o(.ARM.Collect$$libinit$$00000025)
    __rt_lib_init_lc_numeric_1               0x080002f7   Thumb Code     0  libinit2.o(.ARM.Collect$$libinit$$00000019)
    __rt_lib_init_lc_time_1                  0x080002f7   Thumb Code     0  libinit2.o(.ARM.Collect$$libinit$$0000001B)
    __rt_lib_init_return                     0x080002f7   Thumb Code     0  libinit2.o(.ARM.Collect$$libinit$$00000035)
    __rt_lib_init_signal_1                   0x080002f7   Thumb Code     0  libinit2.o(.ARM.Collect$$libinit$$0000001F)
    __rt_lib_init_stdio_1                    0x080002f7   Thumb Code     0  libinit2.o(.ARM.Collect$$libinit$$00000027)
    __rt_lib_shutdown                        0x080002f9   Thumb Code     0  libshutdown.o(.ARM.Collect$$libshutdown$$00000000)
    __rt_lib_shutdown_cpp_1                  0x080002fb   Thumb Code     0  libshutdown2.o(.ARM.Collect$$libshutdown$$00000002)
    __rt_lib_shutdown_fp_trap_1              0x080002fb   Thumb Code     0  libshutdown2.o(.ARM.Collect$$libshutdown$$00000007)
    __rt_lib_shutdown_heap_1                 0x080002fb   Thumb Code     0  libshutdown2.o(.ARM.Collect$$libshutdown$$0000000F)
    __rt_lib_shutdown_return                 0x080002fb   Thumb Code     0  libshutdown2.o(.ARM.Collect$$libshutdown$$00000010)
    __rt_lib_shutdown_signal_1               0x080002fb   Thumb Code     0  libshutdown2.o(.ARM.Collect$$libshutdown$$0000000A)
    __rt_lib_shutdown_stdio_1                0x080002fb   Thumb Code     0  libshutdown2.o(.ARM.Collect$$libshutdown$$00000004)
    __rt_lib_shutdown_user_alloc_1           0x080002fb   Thumb Code     0  libshutdown2.o(.ARM.Collect$$libshutdown$$0000000C)
    __rt_entry                               0x080002fd   Thumb Code     0  __rtentry.o(.ARM.Collect$$rtentry$$00000000)
    __rt_entry_presh_1                       0x080002fd   Thumb Code     0  __rtentry2.o(.ARM.Collect$$rtentry$$00000002)
    __rt_entry_sh                            0x080002fd   Thumb Code     0  __rtentry4.o(.ARM.Collect$$rtentry$$00000004)
    __rt_entry_li                            0x08000303   Thumb Code     0  __rtentry2.o(.ARM.Collect$$rtentry$$0000000A)
    __rt_entry_postsh_1                      0x08000303   Thumb Code     0  __rtentry2.o(.ARM.Collect$$rtentry$$00000009)
    __rt_entry_main                          0x08000307   Thumb Code     0  __rtentry2.o(.ARM.Collect$$rtentry$$0000000D)
    __rt_entry_postli_1                      0x08000307   Thumb Code     0  __rtentry2.o(.ARM.Collect$$rtentry$$0000000C)
    __rt_exit                                0x0800030f   Thumb Code     0  rtexit.o(.ARM.Collect$$rtexit$$00000000)
    __rt_exit_ls                             0x08000311   Thumb Code     0  rtexit2.o(.ARM.Collect$$rtexit$$00000003)
    __rt_exit_prels_1                        0x08000311   Thumb Code     0  rtexit2.o(.ARM.Collect$$rtexit$$00000002)
    __rt_exit_exit                           0x08000315   Thumb Code     0  rtexit2.o(.ARM.Collect$$rtexit$$00000004)
    Reset_Handler                            0x0800031d   Thumb Code    62  startup_stm32l476xx.o(.text)
    NMI_Handler                              0x0800035b   Thumb Code     2  startup_stm32l476xx.o(.text)
    HardFault_Handler                        0x0800035d   Thumb Code     2  startup_stm32l476xx.o(.text)
    MemManage_Handler                        0x0800035f   Thumb Code     2  startup_stm32l476xx.o(.text)
    BusFault_Handler                         0x08000361   Thumb Code     2  startup_stm32l476xx.o(.text)
    UsageFault_Handler                       0x08000363   Thumb Code     2  startup_stm32l476xx.o(.text)
    SVC_Handler                              0x08000365   Thumb Code     2  startup_stm32l476xx.o(.text)
    DebugMon_Handler                         0x08000367   Thumb Code     2  startup_stm32l476xx.o(.text)
    PendSV_Handler                           0x08000369   Thumb Code     2  startup_stm32l476xx.o(.text)
    ADC1_2_IRQHandler                        0x0800036d   Thumb Code     0  startup_stm32l476xx.o(.text)
    ADC3_IRQHandler                          0x0800036d   Thumb Code     0  startup_stm32l476xx.o(.text)
    CAN1_RX0_IRQHandler                      0x0800036d   Thumb Code     0  startup_stm32l476xx.o(.text)
    CAN1_RX1_IRQHandler                      0x0800036d   Thumb Code     0  startup_stm32l476xx.o(.text)
    CAN1_SCE_IRQHandler                      0x0800036d   Thumb Code     0  startup_stm32l476xx.o(.text)
    CAN1_TX_IRQHandler                       0x0800036d   Thumb Code     0  startup_stm32l476xx.o(.text)
    COMP_IRQHandler                          0x0800036d   Thumb Code     0  startup_stm32l476xx.o(.text)
    DFSDM0_IRQHandler                        0x0800036d   Thumb Code     0  startup_stm32l476xx.o(.text)
    DFSDM1_IRQHandler                        0x0800036d   Thumb Code     0  startup_stm32l476xx.o(.text)
    DFSDM2_IRQHandler                        0x0800036d   Thumb Code     0  startup_stm32l476xx.o(.text)
    DFSDM3_IRQHandler                        0x0800036d   Thumb Code     0  startup_stm32l476xx.o(.text)
    DMA1_Channel1_IRQHandler                 0x0800036d   Thumb Code     0  startup_stm32l476xx.o(.text)
    DMA1_Channel2_IRQHandler                 0x0800036d   Thumb Code     0  startup_stm32l476xx.o(.text)
    DMA1_Channel3_IRQHandler                 0x0800036d   Thumb Code     0  startup_stm32l476xx.o(.text)
    DMA1_Channel4_IRQHandler                 0x0800036d   Thumb Code     0  startup_stm32l476xx.o(.text)
    DMA1_Channel5_IRQHandler                 0x0800036d   Thumb Code     0  startup_stm32l476xx.o(.text)
    DMA1_Channel6_IRQHandler                 0x0800036d   Thumb Code     0  startup_stm32l476xx.o(.text)
    DMA1_Channel7_IRQHandler                 0x0800036d   Thumb Code     0  startup_stm32l476xx.o(.text)
    DMA2_Channel1_IRQHandler                 0x0800036d   Thumb Code     0  startup_stm32l476xx.o(.text)
    DMA2_Channel2_IRQHandler                 0x0800036d   Thumb Code     0  startup_stm32l476xx.o(.text)
    DMA2_Channel3_IRQHandler                 0x0800036d   Thumb Code     0  startup_stm32l476xx.o(.text)
    DMA2_Channel4_IRQHandler                 0x0800036d   Thumb Code     0  startup_stm32l476xx.o(.text)
    DMA2_Channel5_IRQHandler                 0x0800036d   Thumb Code     0  startup_stm32l476xx.o(.text)
    DMA2_Channel6_IRQHandler                 0x0800036d   Thumb Code     0  startup_stm32l476xx.o(.text)
    DMA2_Channel7_IRQHandler                 0x0800036d   Thumb Code     0  startup_stm32l476xx.o(.text)
    EXTI0_IRQHandler                         0x0800036d   Thumb Code     0  startup_stm32l476xx.o(.text)
    EXTI1_IRQHandler                         0x0800036d   Thumb Code     0  startup_stm32l476xx.o(.text)
    EXTI2_IRQHandler                         0x0800036d   Thumb Code     0  startup_stm32l476xx.o(.text)
    EXTI3_IRQHandler                         0x0800036d   Thumb Code     0  startup_stm32l476xx.o(.text)
    EXTI4_IRQHandler                         0x0800036d   Thumb Code     0  startup_stm32l476xx.o(.text)
    EXTI9_5_IRQHandler                       0x0800036d   Thumb Code     0  startup_stm32l476xx.o(.text)
    FLASH_IRQHandler                         0x0800036d   Thumb Code     0  startup_stm32l476xx.o(.text)
    FMC_IRQHandler                           0x0800036d   Thumb Code     0  startup_stm32l476xx.o(.text)
    FPU_IRQHandler                           0x0800036d   Thumb Code     0  startup_stm32l476xx.o(.text)
    I2C1_ER_IRQHandler                       0x0800036d   Thumb Code     0  startup_stm32l476xx.o(.text)
    I2C1_EV_IRQHandler                       0x0800036d   Thumb Code     0  startup_stm32l476xx.o(.text)
    I2C2_ER_IRQHandler                       0x0800036d   Thumb Code     0  startup_stm32l476xx.o(.text)
    I2C2_EV_IRQHandler                       0x0800036d   Thumb Code     0  startup_stm32l476xx.o(.text)
    I2C3_ER_IRQHandler                       0x0800036d   Thumb Code     0  startup_stm32l476xx.o(.text)
    I2C3_EV_IRQHandler                       0x0800036d   Thumb Code     0  startup_stm32l476xx.o(.text)
    LCD_IRQHandler                           0x0800036d   Thumb Code     0  startup_stm32l476xx.o(.text)
    LPTIM1_IRQHandler                        0x0800036d   Thumb Code     0  startup_stm32l476xx.o(.text)
    LPTIM2_IRQHandler                        0x0800036d   Thumb Code     0  startup_stm32l476xx.o(.text)
    LPUART1_IRQHandler                       0x0800036d   Thumb Code     0  startup_stm32l476xx.o(.text)
    OTG_FS_IRQHandler                        0x0800036d   Thumb Code     0  startup_stm32l476xx.o(.text)
    PVD_PVM_IRQHandler                       0x0800036d   Thumb Code     0  startup_stm32l476xx.o(.text)
    QUADSPI_IRQHandler                       0x0800036d   Thumb Code     0  startup_stm32l476xx.o(.text)
    RCC_IRQHandler                           0x0800036d   Thumb Code     0  startup_stm32l476xx.o(.text)
    RNG_IRQHandler                           0x0800036d   Thumb Code     0  startup_stm32l476xx.o(.text)
    RTC_Alarm_IRQHandler                     0x0800036d   Thumb Code     0  startup_stm32l476xx.o(.text)
    RTC_WKUP_IRQHandler                      0x0800036d   Thumb Code     0  startup_stm32l476xx.o(.text)
    SAI1_IRQHandler                          0x0800036d   Thumb Code     0  startup_stm32l476xx.o(.text)
    SAI2_IRQHandler                          0x0800036d   Thumb Code     0  startup_stm32l476xx.o(.text)
    SDMMC1_IRQHandler                        0x0800036d   Thumb Code     0  startup_stm32l476xx.o(.text)
    SPI1_IRQHandler                          0x0800036d   Thumb Code     0  startup_stm32l476xx.o(.text)
    SPI2_IRQHandler                          0x0800036d   Thumb Code     0  startup_stm32l476xx.o(.text)
    SPI3_IRQHandler                          0x0800036d   Thumb Code     0  startup_stm32l476xx.o(.text)
    SWPMI1_IRQHandler                        0x0800036d   Thumb Code     0  startup_stm32l476xx.o(.text)
    TAMP_STAMP_IRQHandler                    0x0800036d   Thumb Code     0  startup_stm32l476xx.o(.text)
    TIM1_BRK_TIM15_IRQHandler                0x0800036d   Thumb Code     0  startup_stm32l476xx.o(.text)
    TIM1_CC_IRQHandler                       0x0800036d   Thumb Code     0  startup_stm32l476xx.o(.text)
    TIM1_TRG_COM_TIM17_IRQHandler            0x0800036d   Thumb Code     0  startup_stm32l476xx.o(.text)
    TIM1_UP_TIM16_IRQHandler                 0x0800036d   Thumb Code     0  startup_stm32l476xx.o(.text)
    TIM2_IRQHandler                          0x0800036d   Thumb Code     0  startup_stm32l476xx.o(.text)
    TIM3_IRQHandler                          0x0800036d   Thumb Code     0  startup_stm32l476xx.o(.text)
    TIM4_IRQHandler                          0x0800036d   Thumb Code     0  startup_stm32l476xx.o(.text)
    TIM5_IRQHandler                          0x0800036d   Thumb Code     0  startup_stm32l476xx.o(.text)
    TIM6_DAC_IRQHandler                      0x0800036d   Thumb Code     0  startup_stm32l476xx.o(.text)
    TIM7_IRQHandler                          0x0800036d   Thumb Code     0  startup_stm32l476xx.o(.text)
    TIM8_BRK_IRQHandler                      0x0800036d   Thumb Code     0  startup_stm32l476xx.o(.text)
    TIM8_CC_IRQHandler                       0x0800036d   Thumb Code     0  startup_stm32l476xx.o(.text)
    TIM8_TRG_COM_IRQHandler                  0x0800036d   Thumb Code     0  startup_stm32l476xx.o(.text)
    TIM8_UP_IRQHandler                       0x0800036d   Thumb Code     0  startup_stm32l476xx.o(.text)
    TSC_IRQHandler                           0x0800036d   Thumb Code     0  startup_stm32l476xx.o(.text)
    UART4_IRQHandler                         0x0800036d   Thumb Code     0  startup_stm32l476xx.o(.text)
    UART5_IRQHandler                         0x0800036d   Thumb Code     0  startup_stm32l476xx.o(.text)
    USART1_IRQHandler                        0x0800036d   Thumb Code     0  startup_stm32l476xx.o(.text)
    USART2_IRQHandler                        0x0800036d   Thumb Code     0  startup_stm32l476xx.o(.text)
    USART3_IRQHandler                        0x0800036d   Thumb Code     0  startup_stm32l476xx.o(.text)
    WWDG_IRQHandler                          0x0800036d   Thumb Code     0  startup_stm32l476xx.o(.text)
    __user_initial_stackheap                 0x08000371   Thumb Code     0  startup_stm32l476xx.o(.text)
    printf                                   0x080003a9   Thumb Code    20  printf.o(.text)
    sprintf                                  0x080003c1   Thumb Code    38  sprintf.o(.text)
    scanf                                    0x080003ed   Thumb Code    26  scanf.o(.text)
    __use_two_region_memory                  0x0800040d   Thumb Code     2  heapauxi.o(.text)
    __rt_heap_escrow$2region                 0x0800040f   Thumb Code     2  heapauxi.o(.text)
    __rt_heap_expand$2region                 0x08000411   Thumb Code     2  heapauxi.o(.text)
    _printf_pre_padding                      0x08000413   Thumb Code    44  _printf_pad.o(.text)
    _printf_post_padding                     0x0800043f   Thumb Code    34  _printf_pad.o(.text)
    _printf_truncate_signed                  0x08000461   Thumb Code    18  _printf_truncate.o(.text)
    _printf_truncate_unsigned                0x08000473   Thumb Code    18  _printf_truncate.o(.text)
    _printf_str                              0x08000485   Thumb Code    82  _printf_str.o(.text)
    _printf_int_dec                          0x080004d9   Thumb Code   104  _printf_dec.o(.text)
    _printf_charcount                        0x08000551   Thumb Code    40  _printf_charcount.o(.text)
    _printf_char_common                      0x08000583   Thumb Code    32  _printf_char_common.o(.text)
    _sputc                                   0x080005a9   Thumb Code    10  _sputc.o(.text)
    _printf_char_file                        0x080005b5   Thumb Code    32  _printf_char_file.o(.text)
    _printf_wctomb                           0x080005d9   Thumb Code   182  _printf_wctomb.o(.text)
    _printf_longlong_dec                     0x0800069d   Thumb Code   108  _printf_longlong_dec.o(.text)
    _printf_longlong_oct                     0x08000719   Thumb Code    68  _printf_oct_int_ll.o(.text)
    _printf_int_oct                          0x0800075d   Thumb Code    24  _printf_oct_int_ll.o(.text)
    _printf_ll_oct                           0x08000775   Thumb Code    12  _printf_oct_int_ll.o(.text)
    _printf_longlong_hex                     0x08000789   Thumb Code    86  _printf_hex_int_ll_ptr.o(.text)
    _printf_int_hex                          0x080007df   Thumb Code    28  _printf_hex_int_ll_ptr.o(.text)
    _printf_ll_hex                           0x080007fb   Thumb Code    12  _printf_hex_int_ll_ptr.o(.text)
    _printf_hex_ptr                          0x08000807   Thumb Code    18  _printf_hex_int_ll_ptr.o(.text)
    __printf                                 0x0800081d   Thumb Code   388  __printf_flags_ss_wp.o(.text)
    _scanf_longlong                          0x080009ab   Thumb Code   342  _scanf_longlong.o(.text)
    _scanf_int                               0x08000b07   Thumb Code   332  _scanf_int.o(.text)
    _scanf_string                            0x08000c59   Thumb Code   224  _scanf_str.o(.text)
    __vfscanf_char_file                      0x08000d41   Thumb Code    16  scanf_char_file.o(.text)
    _scanf_mbtowc                            0x08000d59   Thumb Code   276  _scanf_mbtowc.o(.text)
    _scanf_wctomb                            0x08000e73   Thumb Code   232  _scanf_wctomb.o(.text)
    _scanf_wstring                           0x08000f61   Thumb Code   208  _scanf_wstr.o(.text)
    _ll_udiv10                               0x08001037   Thumb Code   138  lludiv10.o(.text)
    _printf_int_common                       0x080010c1   Thumb Code   178  _printf_intcommon.o(.text)
    _printf_fp_dec_real                      0x08001323   Thumb Code   620  _printf_fp_dec.o(.text)
    _printf_fp_hex_real                      0x08001595   Thumb Code   756  _printf_fp_hex.o(.text)
    _printf_cs_common                        0x08001897   Thumb Code    20  _printf_char.o(.text)
    _printf_char                             0x080018ab   Thumb Code    16  _printf_char.o(.text)
    _printf_string                           0x080018bb   Thumb Code     8  _printf_char.o(.text)
    _printf_lcs_common                       0x080018c3   Thumb Code    20  _printf_wchar.o(.text)
    _printf_wchar                            0x080018d7   Thumb Code    16  _printf_wchar.o(.text)
    _printf_wstring                          0x080018e7   Thumb Code     8  _printf_wchar.o(.text)
    _chval                                   0x080018ef   Thumb Code    28  _chval.o(.text)
    _scanf_really_real                       0x08001b59   Thumb Code   684  scanf_fp.o(.text)
    __vfscanf_char                           0x08001e21   Thumb Code    24  scanf_char.o(.text)
    _scanf_wcharmap                          0x08001e41   Thumb Code    30  _scanf_wcharmap.o(.text)
    ___backspace$unlocked                    0x08001e5f   Thumb Code     2  backspace.o(.text)
    __backspace                              0x08001e61   Thumb Code    70  backspace.o(.text)
    ferror                                   0x08001ea7   Thumb Code     8  ferror.o(.text)
    _mbrtoc16                                0x08001eaf   Thumb Code    64  _mbrtoc16.o(.text)
    _mbrtowc                                 0x08001eaf   Thumb Code     0  _mbrtoc16.o(.text)
    _c16rtomb                                0x08001eef   Thumb Code    72  _c16rtomb.o(.text)
    _wcrtomb                                 0x08001eef   Thumb Code     0  _c16rtomb.o(.text)
    __user_setup_stackheap                   0x08001f37   Thumb Code    74  sys_stackheap_outer.o(.text)
    __rt_ctype_table                         0x08001f81   Thumb Code    16  rt_ctype_table.o(.text)
    __rt_locale                              0x08001f91   Thumb Code     8  rt_locale_intlibspace.o(.text)
    __aeabi_errno_addr                       0x08001f99   Thumb Code     8  rt_errno_addr_intlibspace.o(.text)
    __errno$intlibspace                      0x08001f99   Thumb Code     0  rt_errno_addr_intlibspace.o(.text)
    __rt_errno_addr$intlibspace              0x08001f99   Thumb Code     0  rt_errno_addr_intlibspace.o(.text)
    __aeabi_llsl                             0x08001fa1   Thumb Code     0  llshl.o(.text)
    _ll_shift_l                              0x08001fa1   Thumb Code    38  llshl.o(.text)
    isspace                                  0x08001fc7   Thumb Code    18  isspace.o(.text)
    _printf_fp_infnan                        0x08001fd9   Thumb Code   112  _printf_fp_infnan.o(.text)
    __vfscanf                                0x08002059   Thumb Code   878  _scanf.o(.text)
    _btod_etento                             0x080023d5   Thumb Code   224  bigflt0.o(.text)
    _ungetc_internal                         0x080024b9   Thumb Code    60  ungetc.o(.text)
    ungetc                                   0x080024b9   Thumb Code     0  ungetc.o(.text)
    exit                                     0x08002501   Thumb Code    18  exit.o(.text)
    __user_libspace                          0x08002515   Thumb Code     8  libspace.o(.text)
    __user_perproc_libspace                  0x08002515   Thumb Code     0  libspace.o(.text)
    __user_perthread_libspace                0x08002515   Thumb Code     0  libspace.o(.text)
    __read_errno                             0x0800251d   Thumb Code    10  _rserrno.o(.text)
    __set_errno                              0x08002527   Thumb Code    12  _rserrno.o(.text)
    _scanf_really_hex_real                   0x08002535   Thumb Code   786  scanf_hexfp.o(.text)
    _scanf_really_infnan                     0x0800285d   Thumb Code   292  scanf_infnan.o(.text)
    strcmp                                   0x08002999   Thumb Code   124  strcmpv7em.o(.text)
    _sys_exit                                0x08002a15   Thumb Code     8  sys_exit.o(.text)
    __I$use$semihosting                      0x08002a21   Thumb Code     0  use_no_semi.o(.text)
    __use_no_semihosting_swi                 0x08002a21   Thumb Code     2  use_no_semi.o(.text)
    __semihosting_library_function           0x08002a23   Thumb Code     0  indicate_semi.o(.text)
    Display_GPIO_Init                        0x08002a25   Thumb Code   286  display.o(.text.Display_GPIO_Init)
    Display_init                             0x08002b45   Thumb Code   698  display.o(.text.Display_init)
    EXTI15_10_IRQHandler                     0x08002e01   Thumb Code    44  exti.o(.text.EXTI15_10_IRQHandler)
    Get_RTC_Calendar                         0x08002e2d   Thumb Code   270  rtc.o(.text.Get_RTC_Calendar)
    Green_LED_Off                            0x08002f3d   Thumb Code    16  led.o(.text.Green_LED_Off)
    Green_LED_On                             0x08002f4d   Thumb Code    16  led.o(.text.Green_LED_On)
    Green_LED_Toggle                         0x08002f5d   Thumb Code    32  led.o(.text.Green_LED_Toggle)
    Init_USARTx                              0x08002f7d   Thumb Code    74  main.o(.text.Init_USARTx)
    LCD_Write_COM                            0x08002fc9   Thumb Code    72  display.o(.text.LCD_Write_COM)
    LCD_Write_DATA                           0x08003011   Thumb Code    72  display.o(.text.LCD_Write_DATA)
    LCD_Write_DATA16                         0x08003059   Thumb Code    90  display.o(.text.LCD_Write_DATA16)
    LCD_clrScr                               0x080030b5   Thumb Code    34  display.o(.text.LCD_clrScr)
    LCD_clrXY                                0x080030d9   Thumb Code    56  display.o(.text.LCD_clrXY)
    LCD_fillRect                             0x08003111   Thumb Code   206  display.o(.text.LCD_fillRect)
    LCD_print                                0x080031e1   Thumb Code    80  display.o(.text.LCD_print)
    LCD_printChar                            0x08003231   Thumb Code   246  display.o(.text.LCD_printChar)
    LCD_setColor                             0x08003329   Thumb Code    72  display.o(.text.LCD_setColor)
    LCD_setColorBg                           0x08003371   Thumb Code    72  display.o(.text.LCD_setColorBg)
    LCD_setFont                              0x080033b9   Thumb Code    44  display.o(.text.LCD_setFont)
    LCD_setXY                                0x080033e5   Thumb Code   146  display.o(.text.LCD_setXY)
    LED_Init                                 0x08003479   Thumb Code    38  led.o(.text.LED_Init)
    Motor1_Backward                          0x080034a1   Thumb Code    22  main.o(.text.Motor1_Backward)
    Motor1_Forward                           0x080034b9   Thumb Code    22  main.o(.text.Motor1_Forward)
    Motor1_GPIO_Init                         0x080034d1   Thumb Code   112  main.o(.text.Motor1_GPIO_Init)
    Motor2_Backward                          0x08003541   Thumb Code    26  main.o(.text.Motor2_Backward)
    Motor2_Forward                           0x0800355d   Thumb Code    26  main.o(.text.Motor2_Forward)
    Motor2_GPIO_Init                         0x08003579   Thumb Code   112  main.o(.text.Motor2_GPIO_Init)
    RTC_BAK_SetRegister                      0x080035e9   Thumb Code    40  rtc.o(.text.RTC_BAK_SetRegister)
    RTC_Clock_Init                           0x08003611   Thumb Code   216  rtc.o(.text.RTC_Clock_Init)
    RTC_DATE_GetDay                          0x080036e9   Thumb Code    70  rtc.o(.text.RTC_DATE_GetDay)
    RTC_DATE_GetMonth                        0x08003731   Thumb Code    70  rtc.o(.text.RTC_DATE_GetMonth)
    RTC_DATE_GetYear                         0x08003779   Thumb Code    70  rtc.o(.text.RTC_DATE_GetYear)
    RTC_Disable_Write_Protection             0x080037c1   Thumb Code    26  rtc.o(.text.RTC_Disable_Write_Protection)
    RTC_Enable_Write_Protection              0x080037dd   Thumb Code    18  rtc.o(.text.RTC_Enable_Write_Protection)
    RTC_Init                                 0x080037f1   Thumb Code   128  rtc.o(.text.RTC_Init)
    RTC_Set_Calendar_Date                    0x08003871   Thumb Code   350  rtc.o(.text.RTC_Set_Calendar_Date)
    RTC_Set_Time                             0x080039d1   Thumb Code   278  rtc.o(.text.RTC_Set_Time)
    RTC_TIME_GetHour                         0x08003ae9   Thumb Code    70  rtc.o(.text.RTC_TIME_GetHour)
    RTC_TIME_GetMinute                       0x08003b31   Thumb Code    70  rtc.o(.text.RTC_TIME_GetMinute)
    RTC_TIME_GetSecond                       0x08003b79   Thumb Code    70  rtc.o(.text.RTC_TIME_GetSecond)
    SPI1_Init                                0x08003bc1   Thumb Code   202  spi.o(.text.SPI1_Init)
    SPI_Send_Data                            0x08003c8d   Thumb Code   118  spi.o(.text.SPI_Send_Data)
    SysTick_Handler                          0x08003d05   Thumb Code    16  systimer.o(.text.SysTick_Handler)
    SysTick_Init                             0x08003d15   Thumb Code    90  systimer.o(.text.SysTick_Init)
    System_Clock_Init                        0x08003d71   Thumb Code   466  sysclock.o(.text.System_Clock_Init)
    Timer2_Init                              0x08003f45   Thumb Code   140  main.o(.text.Timer2_Init)
    Timer3_Init                              0x08003fd1   Thumb Code   156  main.o(.text.Timer3_Init)
    UART1_GPIO_Init                          0x0800406d   Thumb Code   152  uart.o(.text.UART1_GPIO_Init)
    UART1_Init                               0x08004105   Thumb Code    42  uart.o(.text.UART1_Init)
    UART2_GPIO_Init                          0x08004131   Thumb Code   142  uart.o(.text.UART2_GPIO_Init)
    UART2_Init                               0x080041c1   Thumb Code    42  uart.o(.text.UART2_Init)
    USART_Delay                              0x080041ed   Thumb Code    50  uart.o(.text.USART_Delay)
    USART_Init                               0x08004221   Thumb Code    76  uart.o(.text.USART_Init)
    USART_Read                               0x0800426d   Thumb Code    30  uart.o(.text.USART_Read)
    USART_Write                              0x0800428d   Thumb Code   100  uart.o(.text.USART_Write)
    delay                                    0x08004365   Thumb Code    42  systimer.o(.text.delay)
    fgetc                                    0x08004391   Thumb Code    30  uart_printf.o(.text.fgetc)
    fputc                                    0x080043b1   Thumb Code    38  uart_printf.o(.text.fputc)
    main                                     0x080043d9   Thumb Code   450  main.o(.text.main)
    _btod_d2e                                0x0800459b   Thumb Code    62  btod.o(CL$$btod_d2e)
    _d2e_denorm_low                          0x080045d9   Thumb Code    70  btod.o(CL$$btod_d2e_denorm_low)
    _d2e_norm_op1                            0x0800461f   Thumb Code    96  btod.o(CL$$btod_d2e_norm_op1)
    __btod_div_common                        0x08004681   Thumb Code   696  btod.o(CL$$btod_div_common)
    _e2d                                     0x080049b9   Thumb Code   122  btod.o(CL$$btod_e2d)
    _e2e                                     0x08004a3d   Thumb Code   220  btod.o(CL$$btod_e2e)
    _btod_ediv                               0x08004b19   Thumb Code    42  btod.o(CL$$btod_ediv)
    _btod_edivd                              0x08004b43   Thumb Code    42  btod.o(CL$$btod_edivd)
    _btod_emul                               0x08004b6d   Thumb Code    42  btod.o(CL$$btod_emul)
    _btod_emuld                              0x08004b97   Thumb Code    42  btod.o(CL$$btod_emuld)
    __btod_mult_common                       0x08004bc1   Thumb Code   580  btod.o(CL$$btod_mult_common)
    __ARM_fpclassify                         0x08004e05   Thumb Code    48  fpclassify.o(i.__ARM_fpclassify)
    __hardfp___mathlib_tofloat               0x08004e39   Thumb Code   232  narrow.o(i.__hardfp___mathlib_tofloat)
    __hardfp_ldexp                           0x08004f31   Thumb Code   200  ldexp.o(i.__hardfp_ldexp)
    __mathlib_dbl_overflow                   0x08005001   Thumb Code    24  dunder.o(i.__mathlib_dbl_overflow)
    __mathlib_dbl_underflow                  0x08005021   Thumb Code    24  dunder.o(i.__mathlib_dbl_underflow)
    __mathlib_narrow                         0x08005041   Thumb Code    18  narrow.o(i.__mathlib_narrow)
    __support_ldexp                          0x08005053   Thumb Code    20  ldexp.o(i.__support_ldexp)
    _is_digit                                0x08005067   Thumb Code    14  __printf_wp.o(i._is_digit)
    frexp                                    0x08005079   Thumb Code   118  frexp.o(i.frexp)
    _get_lc_numeric                          0x08005105   Thumb Code    44  lc_numeric_c.o(locale$$code)
    _get_lc_ctype                            0x08005131   Thumb Code    44  lc_ctype_c.o(locale$$code)
    __aeabi_d2f                              0x0800515d   Thumb Code     0  d2f.o(x$fpl$d2f)
    _d2f                                     0x0800515d   Thumb Code    98  d2f.o(x$fpl$d2f)
    __fpl_dcheck_NaN1                        0x080051c1   Thumb Code    10  dcheck1.o(x$fpl$dcheck1)
    __fpl_dcmp_Inf                           0x080051d1   Thumb Code    24  dcmpi.o(x$fpl$dcmpinf)
    __aeabi_cdcmpeq                          0x080051e9   Thumb Code     0  deqf.o(x$fpl$deqf)
    _dcmpeq                                  0x080051e9   Thumb Code   120  deqf.o(x$fpl$deqf)
    __aeabi_cdcmple                          0x08005261   Thumb Code     0  dleqf.o(x$fpl$dleqf)
    _dcmple                                  0x08005261   Thumb Code   120  dleqf.o(x$fpl$dleqf)
    __fpl_dcmple_InfNaN                      0x080052c3   Thumb Code     0  dleqf.o(x$fpl$dleqf)
    __aeabi_dmul                             0x080052d9   Thumb Code     0  dmul.o(x$fpl$dmul)
    _dmul                                    0x080052d9   Thumb Code   332  dmul.o(x$fpl$dmul)
    __fpl_dnaninf                            0x0800542d   Thumb Code   156  dnaninf.o(x$fpl$dnaninf)
    __fpl_dretinf                            0x080054c9   Thumb Code    12  dretinf.o(x$fpl$dretinf)
    __aeabi_cdrcmple                         0x080054d5   Thumb Code     0  drleqf.o(x$fpl$drleqf)
    _drcmple                                 0x080054d5   Thumb Code   108  drleqf.o(x$fpl$drleqf)
    _fp_init                                 0x08005541   Thumb Code    26  fpinit.o(x$fpl$fpinit)
    __fplib_config_fpu_vfp                   0x08005559   Thumb Code     0  fpinit.o(x$fpl$fpinit)
    __fplib_config_pureend_doubles           0x08005559   Thumb Code     0  fpinit.o(x$fpl$fpinit)
    __fpl_fretinf                            0x0800555b   Thumb Code    10  fretinf.o(x$fpl$fretinf)
    __ieee_status                            0x08005565   Thumb Code     6  istatus.o(x$fpl$ieeestatus)
    _printf_fp_dec                           0x0800556b   Thumb Code     4  printf1.o(x$fpl$printf1)
    _printf_fp_hex                           0x0800556f   Thumb Code     4  printf2.o(x$fpl$printf2)
    __fpl_return_NaN                         0x08005573   Thumb Code   100  retnan.o(x$fpl$retnan)
    __ARM_scalbn                             0x080055d7   Thumb Code    92  scalbn.o(x$fpl$scalbn)
    _scanf_real                              0x08005633   Thumb Code     4  scanf1.o(x$fpl$scanf1)
    _scanf_hex_real                          0x08005637   Thumb Code     4  scanf2.o(x$fpl$scanf2)
    _scanf_infnan                            0x0800563b   Thumb Code     4  scanf2.o(x$fpl$scanf2)
    __fpl_cmpreturn                          0x0800563f   Thumb Code    48  trapv.o(x$fpl$trapveneer)
    __I$use$fp                               0x0800566e   Number         0  usenofp.o(x$fpl$usenofp)
    Region$$Table$$Base                      0x08005840   Number         0  anon$$obj.o(Region$$Table)
    Region$$Table$$Limit                     0x08005860   Number         0  anon$$obj.o(Region$$Table)
    __aeabi_HUGE_VAL                         0x08005860   Data           0  fpconst.o(c$$dinf)
    __aeabi_HUGE_VALL                        0x08005860   Data           0  fpconst.o(c$$dinf)
    __aeabi_INFINITY                         0x08005860   Data           0  fpconst.o(c$$dinf)
    __dInf                                   0x08005860   Data           0  fpconst.o(c$$dinf)
    __huge_val                               0x08005860   Data           0  fpconst.o(c$$dinf)
    __dbl_max                                0x08005868   Data           0  fpconst.o(c$$dmax)
    __ctype                                  0x08005899   Data           0  lc_ctype_c.o(locale$$data)
    Image$$ER_IROM1$$RO$$Limit               0x0800599c   Number         0  anon$$obj.o ABSOLUTE
    Image$$ER_IROM1$$RW$$Base                0x0800599c   Number         0  anon$$obj.o ABSOLUTE
    Image$$ER_IROM1$$RW$$Limit               0x0800599c   Number         0  anon$$obj.o ABSOLUTE
    Image$$ER_IROM1$$ZI$$Base                0x0800599c   Number         0  anon$$obj.o ABSOLUTE
    Image$$ER_IROM1$$ZI$$Limit               0x0800599c   Number         0  anon$$obj.o ABSOLUTE
    Load$$RW_IRAM1$$Base                     0x080059a0   Number         0  anon$$obj.o ABSOLUTE
    BigFont                                  0x20000000   Data        3044  fonts.o(.data.BigFont)
    Image$$RW_IRAM1$$Base                    0x20000000   Number         0  anon$$obj.o ABSOLUTE
    Image$$RW_IRAM1$$RO$$Base                0x20000000   Number         0  anon$$obj.o ABSOLUTE
    Image$$RW_IRAM1$$RW$$Base                0x20000000   Number         0  anon$$obj.o ABSOLUTE
    Image$$RW_IRAM1$$Limit                   0x20000be8   Number         0  anon$$obj.o ABSOLUTE
    Image$$RW_IRAM1$$RW$$Limit               0x20000be8   Number         0  anon$$obj.o ABSOLUTE
    Image$$RW_IRAM1$$ZI$$Base                0x20000be8   Number         0  anon$$obj.o ABSOLUTE
    __libspace_start                         0x20000be8   Data          96  libspace.o(.bss)
    __temporary_stack_top$libspace           0x20000c48   Data           0  libspace.o(.bss)
    __stdin                                  0x20000c58   Data          84  uart_printf.o(.bss.__stdin)
    __stdout                                 0x20000cac   Data          84  uart_printf.o(.bss.__stdout)
    msTicks                                  0x20000d18   Data           4  systimer.o(.bss.msTicks)
    strDate                                  0x20000d1c   Data          12  main.o(.bss.strDate)
    strTime                                  0x20000d28   Data          12  main.o(.bss.strTime)
    Image$$RW_IRAM1$$ZI$$Limit               0x20001338   Number         0  anon$$obj.o ABSOLUTE



==============================================================================

Memory Map of the image

  Image Entry point : 0x08000189

  Load Region LR_IROM1 (Base: 0x08000000, Size: 0x00006588, Max: 0x00100000, ABSOLUTE, COMPRESSED[0x00005e00])

    Execution Region ER_IROM1 (Exec base: 0x08000000, Load base: 0x08000000, Size: 0x0000599c, Max: 0x00100000, ABSOLUTE)

    Exec Addr    Load Addr    Size         Type   Attr      Idx    E Section Name        Object

    0x08000000   0x08000000   0x00000188   Data   RO           41    RESET               startup_stm32l476xx.o
    0x08000188   0x08000188   0x00000008   Code   RO          257  * !!!main             c_w.l(__main.o)
    0x08000190   0x08000190   0x00000034   Code   RO          746    !!!scatter          c_w.l(__scatter.o)
    0x080001c4   0x080001c4   0x00000064   Code   RO          744    !!dclz77c           c_w.l(__dclz77c.o)
    0x08000228   0x08000228   0x0000001c   Code   RO          748    !!handler_zi        c_w.l(__scatter_zi.o)
    0x08000244   0x08000244   0x00000000   Code   RO          357    .ARM.Collect$$_printf_percent$$00000000  c_w.l(_printf_percent.o)
    0x08000244   0x08000244   0x00000006   Code   RO          346    .ARM.Collect$$_printf_percent$$00000001  c_w.l(_printf_n.o)
    0x0800024a   0x0800024a   0x00000006   Code   RO          348    .ARM.Collect$$_printf_percent$$00000002  c_w.l(_printf_p.o)
    0x08000250   0x08000250   0x00000006   Code   RO          353    .ARM.Collect$$_printf_percent$$00000003  c_w.l(_printf_f.o)
    0x08000256   0x08000256   0x00000006   Code   RO          354    .ARM.Collect$$_printf_percent$$00000004  c_w.l(_printf_e.o)
    0x0800025c   0x0800025c   0x00000006   Code   RO          355    .ARM.Collect$$_printf_percent$$00000005  c_w.l(_printf_g.o)
    0x08000262   0x08000262   0x00000006   Code   RO          356    .ARM.Collect$$_printf_percent$$00000006  c_w.l(_printf_a.o)
    0x08000268   0x08000268   0x0000000a   Code   RO          361    .ARM.Collect$$_printf_percent$$00000007  c_w.l(_printf_ll.o)
    0x08000272   0x08000272   0x00000006   Code   RO          350    .ARM.Collect$$_printf_percent$$00000008  c_w.l(_printf_i.o)
    0x08000278   0x08000278   0x00000006   Code   RO          351    .ARM.Collect$$_printf_percent$$00000009  c_w.l(_printf_d.o)
    0x0800027e   0x0800027e   0x00000006   Code   RO          352    .ARM.Collect$$_printf_percent$$0000000A  c_w.l(_printf_u.o)
    0x08000284   0x08000284   0x00000006   Code   RO          349    .ARM.Collect$$_printf_percent$$0000000B  c_w.l(_printf_o.o)
    0x0800028a   0x0800028a   0x00000006   Code   RO          347    .ARM.Collect$$_printf_percent$$0000000C  c_w.l(_printf_x.o)
    0x08000290   0x08000290   0x00000006   Code   RO          358    .ARM.Collect$$_printf_percent$$0000000D  c_w.l(_printf_lli.o)
    0x08000296   0x08000296   0x00000006   Code   RO          359    .ARM.Collect$$_printf_percent$$0000000E  c_w.l(_printf_lld.o)
    0x0800029c   0x0800029c   0x00000006   Code   RO          360    .ARM.Collect$$_printf_percent$$0000000F  c_w.l(_printf_llu.o)
    0x080002a2   0x080002a2   0x00000006   Code   RO          365    .ARM.Collect$$_printf_percent$$00000010  c_w.l(_printf_llo.o)
    0x080002a8   0x080002a8   0x00000006   Code   RO          366    .ARM.Collect$$_printf_percent$$00000011  c_w.l(_printf_llx.o)
    0x080002ae   0x080002ae   0x0000000a   Code   RO          362    .ARM.Collect$$_printf_percent$$00000012  c_w.l(_printf_l.o)
    0x080002b8   0x080002b8   0x00000006   Code   RO          344    .ARM.Collect$$_printf_percent$$00000013  c_w.l(_printf_c.o)
    0x080002be   0x080002be   0x00000006   Code   RO          345    .ARM.Collect$$_printf_percent$$00000014  c_w.l(_printf_s.o)
    0x080002c4   0x080002c4   0x00000006   Code   RO          363    .ARM.Collect$$_printf_percent$$00000015  c_w.l(_printf_lc.o)
    0x080002ca   0x080002ca   0x00000006   Code   RO          364    .ARM.Collect$$_printf_percent$$00000016  c_w.l(_printf_ls.o)
    0x080002d0   0x080002d0   0x00000004   Code   RO          430    .ARM.Collect$$_printf_percent$$00000017  c_w.l(_printf_percent_end.o)
    0x080002d4   0x080002d4   0x00000002   Code   RO          519    .ARM.Collect$$libinit$$00000000  c_w.l(libinit.o)
    0x080002d6   0x080002d6   0x00000004   Code   RO          560    .ARM.Collect$$libinit$$00000001  c_w.l(libinit2.o)
    0x080002da   0x080002da   0x00000000   Code   RO          563    .ARM.Collect$$libinit$$00000004  c_w.l(libinit2.o)
    0x080002da   0x080002da   0x00000000   Code   RO          565    .ARM.Collect$$libinit$$00000006  c_w.l(libinit2.o)
    0x080002da   0x080002da   0x00000000   Code   RO          568    .ARM.Collect$$libinit$$0000000C  c_w.l(libinit2.o)
    0x080002da   0x080002da   0x00000000   Code   RO          570    .ARM.Collect$$libinit$$0000000E  c_w.l(libinit2.o)
    0x080002da   0x080002da   0x00000000   Code   RO          572    .ARM.Collect$$libinit$$00000010  c_w.l(libinit2.o)
    0x080002da   0x080002da   0x00000006   Code   RO          573    .ARM.Collect$$libinit$$00000011  c_w.l(libinit2.o)
    0x080002e0   0x080002e0   0x00000000   Code   RO          575    .ARM.Collect$$libinit$$00000013  c_w.l(libinit2.o)
    0x080002e0   0x080002e0   0x0000000c   Code   RO          576    .ARM.Collect$$libinit$$00000014  c_w.l(libinit2.o)
    0x080002ec   0x080002ec   0x00000000   Code   RO          577    .ARM.Collect$$libinit$$00000015  c_w.l(libinit2.o)
    0x080002ec   0x080002ec   0x00000000   Code   RO          579    .ARM.Collect$$libinit$$00000017  c_w.l(libinit2.o)
    0x080002ec   0x080002ec   0x0000000a   Code   RO          580    .ARM.Collect$$libinit$$00000018  c_w.l(libinit2.o)
    0x080002f6   0x080002f6   0x00000000   Code   RO          581    .ARM.Collect$$libinit$$00000019  c_w.l(libinit2.o)
    0x080002f6   0x080002f6   0x00000000   Code   RO          583    .ARM.Collect$$libinit$$0000001B  c_w.l(libinit2.o)
    0x080002f6   0x080002f6   0x00000000   Code   RO          585    .ARM.Collect$$libinit$$0000001D  c_w.l(libinit2.o)
    0x080002f6   0x080002f6   0x00000000   Code   RO          587    .ARM.Collect$$libinit$$0000001F  c_w.l(libinit2.o)
    0x080002f6   0x080002f6   0x00000000   Code   RO          589    .ARM.Collect$$libinit$$00000021  c_w.l(libinit2.o)
    0x080002f6   0x080002f6   0x00000000   Code   RO          591    .ARM.Collect$$libinit$$00000023  c_w.l(libinit2.o)
    0x080002f6   0x080002f6   0x00000000   Code   RO          593    .ARM.Collect$$libinit$$00000025  c_w.l(libinit2.o)
    0x080002f6   0x080002f6   0x00000000   Code   RO          595    .ARM.Collect$$libinit$$00000027  c_w.l(libinit2.o)
    0x080002f6   0x080002f6   0x00000000   Code   RO          599    .ARM.Collect$$libinit$$0000002E  c_w.l(libinit2.o)
    0x080002f6   0x080002f6   0x00000000   Code   RO          601    .ARM.Collect$$libinit$$00000030  c_w.l(libinit2.o)
    0x080002f6   0x080002f6   0x00000000   Code   RO          603    .ARM.Collect$$libinit$$00000032  c_w.l(libinit2.o)
    0x080002f6   0x080002f6   0x00000000   Code   RO          605    .ARM.Collect$$libinit$$00000034  c_w.l(libinit2.o)
    0x080002f6   0x080002f6   0x00000002   Code   RO          606    .ARM.Collect$$libinit$$00000035  c_w.l(libinit2.o)
    0x080002f8   0x080002f8   0x00000002   Code   RO          652    .ARM.Collect$$libshutdown$$00000000  c_w.l(libshutdown.o)
    0x080002fa   0x080002fa   0x00000000   Code   RO          683    .ARM.Collect$$libshutdown$$00000002  c_w.l(libshutdown2.o)
    0x080002fa   0x080002fa   0x00000000   Code   RO          685    .ARM.Collect$$libshutdown$$00000004  c_w.l(libshutdown2.o)
    0x080002fa   0x080002fa   0x00000000   Code   RO          688    .ARM.Collect$$libshutdown$$00000007  c_w.l(libshutdown2.o)
    0x080002fa   0x080002fa   0x00000000   Code   RO          691    .ARM.Collect$$libshutdown$$0000000A  c_w.l(libshutdown2.o)
    0x080002fa   0x080002fa   0x00000000   Code   RO          693    .ARM.Collect$$libshutdown$$0000000C  c_w.l(libshutdown2.o)
    0x080002fa   0x080002fa   0x00000000   Code   RO          696    .ARM.Collect$$libshutdown$$0000000F  c_w.l(libshutdown2.o)
    0x080002fa   0x080002fa   0x00000002   Code   RO          697    .ARM.Collect$$libshutdown$$00000010  c_w.l(libshutdown2.o)
    0x080002fc   0x080002fc   0x00000000   Code   RO          273    .ARM.Collect$$rtentry$$00000000  c_w.l(__rtentry.o)
    0x080002fc   0x080002fc   0x00000000   Code   RO          399    .ARM.Collect$$rtentry$$00000002  c_w.l(__rtentry2.o)
    0x080002fc   0x080002fc   0x00000006   Code   RO          411    .ARM.Collect$$rtentry$$00000004  c_w.l(__rtentry4.o)
    0x08000302   0x08000302   0x00000000   Code   RO          401    .ARM.Collect$$rtentry$$00000009  c_w.l(__rtentry2.o)
    0x08000302   0x08000302   0x00000004   Code   RO          402    .ARM.Collect$$rtentry$$0000000A  c_w.l(__rtentry2.o)
    0x08000306   0x08000306   0x00000000   Code   RO          404    .ARM.Collect$$rtentry$$0000000C  c_w.l(__rtentry2.o)
    0x08000306   0x08000306   0x00000008   Code   RO          405    .ARM.Collect$$rtentry$$0000000D  c_w.l(__rtentry2.o)
    0x0800030e   0x0800030e   0x00000002   Code   RO          545    .ARM.Collect$$rtexit$$00000000  c_w.l(rtexit.o)
    0x08000310   0x08000310   0x00000000   Code   RO          618    .ARM.Collect$$rtexit$$00000002  c_w.l(rtexit2.o)
    0x08000310   0x08000310   0x00000004   Code   RO          619    .ARM.Collect$$rtexit$$00000003  c_w.l(rtexit2.o)
    0x08000314   0x08000314   0x00000006   Code   RO          620    .ARM.Collect$$rtexit$$00000004  c_w.l(rtexit2.o)
    0x0800031a   0x0800031a   0x00000002   PAD
    0x0800031c   0x0800031c   0x0000008c   Code   RO           42    .text               startup_stm32l476xx.o
    0x080003a8   0x080003a8   0x00000018   Code   RO          249    .text               c_w.l(printf.o)
    0x080003c0   0x080003c0   0x0000002c   Code   RO          251    .text               c_w.l(sprintf.o)
    0x080003ec   0x080003ec   0x00000020   Code   RO          253    .text               c_w.l(scanf.o)
    0x0800040c   0x0800040c   0x00000006   Code   RO          255    .text               c_w.l(heapauxi.o)
    0x08000412   0x08000412   0x0000004e   Code   RO          276    .text               c_w.l(_printf_pad.o)
    0x08000460   0x08000460   0x00000024   Code   RO          278    .text               c_w.l(_printf_truncate.o)
    0x08000484   0x08000484   0x00000052   Code   RO          280    .text               c_w.l(_printf_str.o)
    0x080004d6   0x080004d6   0x00000002   PAD
    0x080004d8   0x080004d8   0x00000078   Code   RO          282    .text               c_w.l(_printf_dec.o)
    0x08000550   0x08000550   0x00000028   Code   RO          284    .text               c_w.l(_printf_charcount.o)
    0x08000578   0x08000578   0x00000030   Code   RO          286    .text               c_w.l(_printf_char_common.o)
    0x080005a8   0x080005a8   0x0000000a   Code   RO          288    .text               c_w.l(_sputc.o)
    0x080005b2   0x080005b2   0x00000002   PAD
    0x080005b4   0x080005b4   0x00000024   Code   RO          290    .text               c_w.l(_printf_char_file.o)
    0x080005d8   0x080005d8   0x000000c2   Code   RO          292    .text               c_w.l(_printf_wctomb.o)
    0x0800069a   0x0800069a   0x00000002   PAD
    0x0800069c   0x0800069c   0x0000007c   Code   RO          295    .text               c_w.l(_printf_longlong_dec.o)
    0x08000718   0x08000718   0x00000070   Code   RO          301    .text               c_w.l(_printf_oct_int_ll.o)
    0x08000788   0x08000788   0x00000094   Code   RO          321    .text               c_w.l(_printf_hex_int_ll_ptr.o)
    0x0800081c   0x0800081c   0x0000018e   Code   RO          341    .text               c_w.l(__printf_flags_ss_wp.o)
    0x080009aa   0x080009aa   0x0000015c   Code   RO          367    .text               c_w.l(_scanf_longlong.o)
    0x08000b06   0x08000b06   0x00000152   Code   RO          369    .text               c_w.l(_scanf_int.o)
    0x08000c58   0x08000c58   0x000000e6   Code   RO          371    .text               c_w.l(_scanf_str.o)
    0x08000d3e   0x08000d3e   0x00000002   PAD
    0x08000d40   0x08000d40   0x00000018   Code   RO          373    .text               c_w.l(scanf_char_file.o)
    0x08000d58   0x08000d58   0x0000011a   Code   RO          375    .text               c_w.l(_scanf_mbtowc.o)
    0x08000e72   0x08000e72   0x000000ee   Code   RO          377    .text               c_w.l(_scanf_wctomb.o)
    0x08000f60   0x08000f60   0x000000d6   Code   RO          379    .text               c_w.l(_scanf_wstr.o)
    0x08001036   0x08001036   0x0000008a   Code   RO          413    .text               c_w.l(lludiv10.o)
    0x080010c0   0x080010c0   0x000000b2   Code   RO          415    .text               c_w.l(_printf_intcommon.o)
    0x08001172   0x08001172   0x00000422   Code   RO          417    .text               c_w.l(_printf_fp_dec.o)
    0x08001594   0x08001594   0x00000302   Code   RO          421    .text               c_w.l(_printf_fp_hex.o)
    0x08001896   0x08001896   0x0000002c   Code   RO          426    .text               c_w.l(_printf_char.o)
    0x080018c2   0x080018c2   0x0000002c   Code   RO          428    .text               c_w.l(_printf_wchar.o)
    0x080018ee   0x080018ee   0x0000001c   Code   RO          431    .text               c_w.l(_chval.o)
    0x0800190a   0x0800190a   0x00000002   PAD
    0x0800190c   0x0800190c   0x00000508   Code   RO          433    .text               c_w.l(scanf_fp.o)
    0x08001e14   0x08001e14   0x0000002c   Code   RO          437    .text               c_w.l(scanf_char.o)
    0x08001e40   0x08001e40   0x0000001e   Code   RO          439    .text               c_w.l(_scanf_wcharmap.o)
    0x08001e5e   0x08001e5e   0x00000048   Code   RO          441    .text               c_w.l(backspace.o)
    0x08001ea6   0x08001ea6   0x00000008   Code   RO          443    .text               c_w.l(ferror.o)
    0x08001eae   0x08001eae   0x00000040   Code   RO          449    .text               c_w.l(_mbrtoc16.o)
    0x08001eee   0x08001eee   0x00000048   Code   RO          451    .text               c_w.l(_c16rtomb.o)
    0x08001f36   0x08001f36   0x0000004a   Code   RO          453    .text               c_w.l(sys_stackheap_outer.o)
    0x08001f80   0x08001f80   0x00000010   Code   RO          455    .text               c_w.l(rt_ctype_table.o)
    0x08001f90   0x08001f90   0x00000008   Code   RO          460    .text               c_w.l(rt_locale_intlibspace.o)
    0x08001f98   0x08001f98   0x00000008   Code   RO          465    .text               c_w.l(rt_errno_addr_intlibspace.o)
    0x08001fa0   0x08001fa0   0x00000026   Code   RO          467    .text               c_w.l(llshl.o)
    0x08001fc6   0x08001fc6   0x00000012   Code   RO          469    .text               c_w.l(isspace.o)
    0x08001fd8   0x08001fd8   0x00000080   Code   RO          471    .text               c_w.l(_printf_fp_infnan.o)
    0x08002058   0x08002058   0x0000037a   Code   RO          473    .text               c_w.l(_scanf.o)
    0x080023d2   0x080023d2   0x00000002   PAD
    0x080023d4   0x080023d4   0x000000e4   Code   RO          475    .text               c_w.l(bigflt0.o)
    0x080024b8   0x080024b8   0x00000048   Code   RO          505    .text               c_w.l(ungetc.o)
    0x08002500   0x08002500   0x00000012   Code   RO          510    .text               c_w.l(exit.o)
    0x08002512   0x08002512   0x00000002   PAD
    0x08002514   0x08002514   0x00000008   Code   RO          542    .text               c_w.l(libspace.o)
    0x0800251c   0x0800251c   0x00000016   Code   RO          547    .text               c_w.l(_rserrno.o)
    0x08002532   0x08002532   0x00000002   PAD
    0x08002534   0x08002534   0x00000326   Code   RO          549    .text               c_w.l(scanf_hexfp.o)
    0x0800285a   0x0800285a   0x00000002   PAD
    0x0800285c   0x0800285c   0x0000013a   Code   RO          551    .text               c_w.l(scanf_infnan.o)
    0x08002996   0x08002996   0x00000002   PAD
    0x08002998   0x08002998   0x0000007c   Code   RO          558    .text               c_w.l(strcmpv7em.o)
    0x08002a14   0x08002a14   0x0000000c   Code   RO          642    .text               c_w.l(sys_exit.o)
    0x08002a20   0x08002a20   0x00000002   Code   RO          673    .text               c_w.l(use_no_semi.o)
    0x08002a22   0x08002a22   0x00000000   Code   RO          675    .text               c_w.l(indicate_semi.o)
    0x08002a22   0x08002a22   0x00000002   PAD
    0x08002a24   0x08002a24   0x0000011e   Code   RO          146    .text.Display_GPIO_Init  display.o
    0x08002b42   0x08002b42   0x00000002   PAD
    0x08002b44   0x08002b44   0x000002ba   Code   RO          154    .text.Display_init  display.o
    0x08002dfe   0x08002dfe   0x00000002   PAD
    0x08002e00   0x08002e00   0x0000002c   Code   RO           55    .text.EXTI15_10_IRQHandler  exti.o
    0x08002e2c   0x08002e2c   0x0000010e   Code   RO          238    .text.Get_RTC_Calendar  rtc.o
    0x08002f3a   0x08002f3a   0x00000002   PAD
    0x08002f3c   0x08002f3c   0x00000010   Code   RO           66    .text.Green_LED_Off  led.o
    0x08002f4c   0x08002f4c   0x00000010   Code   RO           68    .text.Green_LED_On  led.o
    0x08002f5c   0x08002f5c   0x00000020   Code   RO           70    .text.Green_LED_Toggle  led.o
    0x08002f7c   0x08002f7c   0x0000004a   Code   RO            2    .text.Init_USARTx   main.o
    0x08002fc6   0x08002fc6   0x00000002   PAD
    0x08002fc8   0x08002fc8   0x00000048   Code   RO          148    .text.LCD_Write_COM  display.o
    0x08003010   0x08003010   0x00000048   Code   RO          152    .text.LCD_Write_DATA  display.o
    0x08003058   0x08003058   0x0000005a   Code   RO          150    .text.LCD_Write_DATA16  display.o
    0x080030b2   0x080030b2   0x00000002   PAD
    0x080030b4   0x080030b4   0x00000022   Code   RO          164    .text.LCD_clrScr    display.o
    0x080030d6   0x080030d6   0x00000002   PAD
    0x080030d8   0x080030d8   0x00000038   Code   RO          168    .text.LCD_clrXY     display.o
    0x08003110   0x08003110   0x000000ce   Code   RO          166    .text.LCD_fillRect  display.o
    0x080031de   0x080031de   0x00000002   PAD
    0x080031e0   0x080031e0   0x00000050   Code   RO          176    .text.LCD_print     display.o
    0x08003230   0x08003230   0x000000f6   Code   RO          174    .text.LCD_printChar  display.o
    0x08003326   0x08003326   0x00000002   PAD
    0x08003328   0x08003328   0x00000048   Code   RO          160    .text.LCD_setColor  display.o
    0x08003370   0x08003370   0x00000048   Code   RO          162    .text.LCD_setColorBg  display.o
    0x080033b8   0x080033b8   0x0000002c   Code   RO          156    .text.LCD_setFont   display.o
    0x080033e4   0x080033e4   0x00000092   Code   RO          158    .text.LCD_setXY     display.o
    0x08003476   0x08003476   0x00000002   PAD
    0x08003478   0x08003478   0x00000026   Code   RO           64    .text.LED_Init      led.o
    0x0800349e   0x0800349e   0x00000002   PAD
    0x080034a0   0x080034a0   0x00000016   Code   RO           12    .text.Motor1_Backward  main.o
    0x080034b6   0x080034b6   0x00000002   PAD
    0x080034b8   0x080034b8   0x00000016   Code   RO           14    .text.Motor1_Forward  main.o
    0x080034ce   0x080034ce   0x00000002   PAD
    0x080034d0   0x080034d0   0x00000070   Code   RO            4    .text.Motor1_GPIO_Init  main.o
    0x08003540   0x08003540   0x0000001a   Code   RO           16    .text.Motor2_Backward  main.o
    0x0800355a   0x0800355a   0x00000002   PAD
    0x0800355c   0x0800355c   0x0000001a   Code   RO           18    .text.Motor2_Forward  main.o
    0x08003576   0x08003576   0x00000002   PAD
    0x08003578   0x08003578   0x00000070   Code   RO            6    .text.Motor2_GPIO_Init  main.o
    0x080035e8   0x080035e8   0x00000028   Code   RO          210    .text.RTC_BAK_SetRegister  rtc.o
    0x08003610   0x08003610   0x000000d8   Code   RO          214    .text.RTC_Clock_Init  rtc.o
    0x080036e8   0x080036e8   0x00000046   Code   RO          232    .text.RTC_DATE_GetDay  rtc.o
    0x0800372e   0x0800372e   0x00000002   PAD
    0x08003730   0x08003730   0x00000046   Code   RO          230    .text.RTC_DATE_GetMonth  rtc.o
    0x08003776   0x08003776   0x00000002   PAD
    0x08003778   0x08003778   0x00000046   Code   RO          234    .text.RTC_DATE_GetYear  rtc.o
    0x080037be   0x080037be   0x00000002   PAD
    0x080037c0   0x080037c0   0x0000001a   Code   RO          216    .text.RTC_Disable_Write_Protection  rtc.o
    0x080037da   0x080037da   0x00000002   PAD
    0x080037dc   0x080037dc   0x00000012   Code   RO          222    .text.RTC_Enable_Write_Protection  rtc.o
    0x080037ee   0x080037ee   0x00000002   PAD
    0x080037f0   0x080037f0   0x00000080   Code   RO          212    .text.RTC_Init      rtc.o
    0x08003870   0x08003870   0x0000015e   Code   RO          218    .text.RTC_Set_Calendar_Date  rtc.o
    0x080039ce   0x080039ce   0x00000002   PAD
    0x080039d0   0x080039d0   0x00000116   Code   RO          220    .text.RTC_Set_Time  rtc.o
    0x08003ae6   0x08003ae6   0x00000002   PAD
    0x08003ae8   0x08003ae8   0x00000046   Code   RO          224    .text.RTC_TIME_GetHour  rtc.o
    0x08003b2e   0x08003b2e   0x00000002   PAD
    0x08003b30   0x08003b30   0x00000046   Code   RO          226    .text.RTC_TIME_GetMinute  rtc.o
    0x08003b76   0x08003b76   0x00000002   PAD
    0x08003b78   0x08003b78   0x00000046   Code   RO          228    .text.RTC_TIME_GetSecond  rtc.o
    0x08003bbe   0x08003bbe   0x00000002   PAD
    0x08003bc0   0x08003bc0   0x000000ca   Code   RO          135    .text.SPI1_Init     spi.o
    0x08003c8a   0x08003c8a   0x00000002   PAD
    0x08003c8c   0x08003c8c   0x00000076   Code   RO          137    .text.SPI_Send_Data  spi.o
    0x08003d02   0x08003d02   0x00000002   PAD
    0x08003d04   0x08003d04   0x00000010   Code   RO           85    .text.SysTick_Handler  systimer.o
    0x08003d14   0x08003d14   0x0000005a   Code   RO           79    .text.SysTick_Init  systimer.o
    0x08003d6e   0x08003d6e   0x00000002   PAD
    0x08003d70   0x08003d70   0x000001d2   Code   RO          194    .text.System_Clock_Init  sysclock.o
    0x08003f42   0x08003f42   0x00000002   PAD
    0x08003f44   0x08003f44   0x0000008c   Code   RO            8    .text.Timer2_Init   main.o
    0x08003fd0   0x08003fd0   0x0000009c   Code   RO           10    .text.Timer3_Init   main.o
    0x0800406c   0x0800406c   0x00000098   Code   RO          114    .text.UART1_GPIO_Init  uart.o
    0x08004104   0x08004104   0x0000002a   Code   RO          110    .text.UART1_Init    uart.o
    0x0800412e   0x0800412e   0x00000002   PAD
    0x08004130   0x08004130   0x0000008e   Code   RO          116    .text.UART2_GPIO_Init  uart.o
    0x080041be   0x080041be   0x00000002   PAD
    0x080041c0   0x080041c0   0x0000002a   Code   RO          112    .text.UART2_Init    uart.o
    0x080041ea   0x080041ea   0x00000002   PAD
    0x080041ec   0x080041ec   0x00000032   Code   RO          124    .text.USART_Delay   uart.o
    0x0800421e   0x0800421e   0x00000002   PAD
    0x08004220   0x08004220   0x0000004c   Code   RO          118    .text.USART_Init    uart.o
    0x0800426c   0x0800426c   0x0000001e   Code   RO          120    .text.USART_Read    uart.o
    0x0800428a   0x0800428a   0x00000002   PAD
    0x0800428c   0x0800428c   0x00000064   Code   RO          122    .text.USART_Write   uart.o
    0x080042f0   0x080042f0   0x00000030   Code   RO           81    .text.__NVIC_EnableIRQ  systimer.o
    0x08004320   0x08004320   0x00000042   Code   RO           83    .text.__NVIC_SetPriority  systimer.o
    0x08004362   0x08004362   0x00000002   PAD
    0x08004364   0x08004364   0x0000002a   Code   RO           87    .text.delay         systimer.o
    0x0800438e   0x0800438e   0x00000002   PAD
    0x08004390   0x08004390   0x0000001e   Code   RO           99    .text.fgetc         uart_printf.o
    0x080043ae   0x080043ae   0x00000002   PAD
    0x080043b0   0x080043b0   0x00000026   Code   RO           97    .text.fputc         uart_printf.o
    0x080043d6   0x080043d6   0x00000002   PAD
    0x080043d8   0x080043d8   0x000001c2   Code   RO           20    .text.main          main.o
    0x0800459a   0x0800459a   0x0000003e   Code   RO          478    CL$$btod_d2e        c_w.l(btod.o)
    0x080045d8   0x080045d8   0x00000046   Code   RO          480    CL$$btod_d2e_denorm_low  c_w.l(btod.o)
    0x0800461e   0x0800461e   0x00000060   Code   RO          479    CL$$btod_d2e_norm_op1  c_w.l(btod.o)
    0x0800467e   0x0800467e   0x00000002   PAD
    0x08004680   0x08004680   0x00000338   Code   RO          488    CL$$btod_div_common  c_w.l(btod.o)
    0x080049b8   0x080049b8   0x00000084   Code   RO          486    CL$$btod_e2d        c_w.l(btod.o)
    0x08004a3c   0x08004a3c   0x000000dc   Code   RO          485    CL$$btod_e2e        c_w.l(btod.o)
    0x08004b18   0x08004b18   0x0000002a   Code   RO          482    CL$$btod_ediv       c_w.l(btod.o)
    0x08004b42   0x08004b42   0x0000002a   Code   RO          484    CL$$btod_edivd      c_w.l(btod.o)
    0x08004b6c   0x08004b6c   0x0000002a   Code   RO          481    CL$$btod_emul       c_w.l(btod.o)
    0x08004b96   0x08004b96   0x0000002a   Code   RO          483    CL$$btod_emuld      c_w.l(btod.o)
    0x08004bc0   0x08004bc0   0x00000244   Code   RO          487    CL$$btod_mult_common  c_w.l(btod.o)
    0x08004e04   0x08004e04   0x00000030   Code   RO          532    i.__ARM_fpclassify  m_wm.l(fpclassify.o)
    0x08004e34   0x08004e34   0x00000004   PAD
    0x08004e38   0x08004e38   0x000000f8   Code   RO          534    i.__hardfp___mathlib_tofloat  m_wm.l(narrow.o)
    0x08004f30   0x08004f30   0x000000d0   Code   RO          634    i.__hardfp_ldexp    m_wm.l(ldexp.o)
    0x08005000   0x08005000   0x00000020   Code   RO          659    i.__mathlib_dbl_overflow  m_wm.l(dunder.o)
    0x08005020   0x08005020   0x00000020   Code   RO          661    i.__mathlib_dbl_underflow  m_wm.l(dunder.o)
    0x08005040   0x08005040   0x00000012   Code   RO          535    i.__mathlib_narrow  m_wm.l(narrow.o)
    0x08005052   0x08005052   0x00000014   Code   RO          636    i.__support_ldexp   m_wm.l(ldexp.o)
    0x08005066   0x08005066   0x0000000e   Code   RO          334    i._is_digit         c_w.l(__printf_wp.o)
    0x08005074   0x08005074   0x00000004   PAD
    0x08005078   0x08005078   0x0000008c   Code   RO          613    i.frexp             m_wm.l(frexp.o)
    0x08005104   0x08005104   0x0000002c   Code   RO          508    locale$$code        c_w.l(lc_numeric_c.o)
    0x08005130   0x08005130   0x0000002c   Code   RO          556    locale$$code        c_w.l(lc_ctype_c.o)
    0x0800515c   0x0800515c   0x00000062   Code   RO          259    x$fpl$d2f           fz_wm.l(d2f.o)
    0x080051be   0x080051be   0x00000002   PAD
    0x080051c0   0x080051c0   0x00000010   Code   RO          704    x$fpl$dcheck1       fz_wm.l(dcheck1.o)
    0x080051d0   0x080051d0   0x00000018   Code   RO          628    x$fpl$dcmpinf       fz_wm.l(dcmpi.o)
    0x080051e8   0x080051e8   0x00000078   Code   RO          607    x$fpl$deqf          fz_wm.l(deqf.o)
    0x08005260   0x08005260   0x00000078   Code   RO          630    x$fpl$dleqf         fz_wm.l(dleqf.o)
    0x080052d8   0x080052d8   0x00000154   Code   RO          271    x$fpl$dmul          fz_wm.l(dmul.o)
    0x0800542c   0x0800542c   0x0000009c   Code   RO          381    x$fpl$dnaninf       fz_wm.l(dnaninf.o)
    0x080054c8   0x080054c8   0x0000000c   Code   RO          383    x$fpl$dretinf       fz_wm.l(dretinf.o)
    0x080054d4   0x080054d4   0x0000006c   Code   RO          609    x$fpl$drleqf        fz_wm.l(drleqf.o)
    0x08005540   0x08005540   0x0000001a   Code   RO          632    x$fpl$fpinit        fz_wm.l(fpinit.o)
    0x0800555a   0x0800555a   0x0000000a   Code   RO          385    x$fpl$fretinf       fz_wm.l(fretinf.o)
    0x08005564   0x08005564   0x00000006   Code   RO          524    x$fpl$ieeestatus    fz_wm.l(istatus.o)
    0x0800556a   0x0800556a   0x00000004   Code   RO          387    x$fpl$printf1       fz_wm.l(printf1.o)
    0x0800556e   0x0800556e   0x00000004   Code   RO          389    x$fpl$printf2       fz_wm.l(printf2.o)
    0x08005572   0x08005572   0x00000064   Code   RO          712    x$fpl$retnan        fz_wm.l(retnan.o)
    0x080055d6   0x080055d6   0x0000005c   Code   RO          653    x$fpl$scalbn        fz_wm.l(scalbn.o)
    0x08005632   0x08005632   0x00000004   Code   RO          395    x$fpl$scanf1        fz_wm.l(scanf1.o)
    0x08005636   0x08005636   0x00000008   Code   RO          526    x$fpl$scanf2        fz_wm.l(scanf2.o)
    0x0800563e   0x0800563e   0x00000030   Code   RO          718    x$fpl$trapveneer    fz_wm.l(trapv.o)
    0x0800566e   0x0800566e   0x00000000   Code   RO          397    x$fpl$usenofp       fz_wm.l(usenofp.o)
    0x0800566e   0x0800566e   0x00000002   PAD
    0x08005670   0x08005670   0x00000008   Data   RO          293    .constdata          c_w.l(_printf_wctomb.o)
    0x08005678   0x08005678   0x00000028   Data   RO          322    .constdata          c_w.l(_printf_hex_int_ll_ptr.o)
    0x080056a0   0x080056a0   0x00000011   Data   RO          342    .constdata          c_w.l(__printf_flags_ss_wp.o)
    0x080056b1   0x080056b1   0x00000026   Data   RO          422    .constdata          c_w.l(_printf_fp_hex.o)
    0x080056d7   0x080056d7   0x00000001   PAD
    0x080056d8   0x080056d8   0x00000094   Data   RO          476    .constdata          c_w.l(bigflt0.o)
    0x0800576c   0x0800576c   0x000000b6   Data   RO           30    .rodata.str1.1      main.o
    0x08005822   0x08005822   0x0000001e   Data   RO          240    .rodata.str1.1      rtc.o
    0x08005840   0x08005840   0x00000020   Data   RO          743    Region$$Table       anon$$obj.o
    0x08005860   0x08005860   0x00000008   Data   RO          520    c$$dinf             fz_wm.l(fpconst.o)
    0x08005868   0x08005868   0x00000008   Data   RO          523    c$$dmax             fz_wm.l(fpconst.o)
    0x08005870   0x08005870   0x0000001c   Data   RO          507    locale$$data        c_w.l(lc_numeric_c.o)
    0x0800588c   0x0800588c   0x00000110   Data   RO          555    locale$$data        c_w.l(lc_ctype_c.o)


    Execution Region RW_IRAM1 (Exec base: 0x20000000, Load base: 0x080059a0, Size: 0x00001338, Max: 0x00018000, ABSOLUTE, COMPRESSED[0x00000460])

    Exec Addr    Load Addr    Size         Type   Attr      Idx    E Section Name        Object

    0x20000000   COMPRESSED   0x00000be4   Data   RW          203    .data.BigFont       fonts.o
    0x20000be4   COMPRESSED   0x00000004   PAD
    0x20000be8        -       0x00000060   Zero   RW          543    .bss                c_w.l(libspace.o)
    0x20000c48        -       0x00000004   Zero   RW          182    .bss.X1             display.o
    0x20000c4c        -       0x00000004   Zero   RW          183    .bss.X2             display.o
    0x20000c50        -       0x00000004   Zero   RW          184    .bss.Y1             display.o
    0x20000c54        -       0x00000004   Zero   RW          185    .bss.Y2             display.o
    0x20000c58        -       0x00000054   Zero   RW          102    .bss.__stdin        uart_printf.o
    0x20000cac        -       0x00000054   Zero   RW          101    .bss.__stdout       uart_printf.o
    0x20000d00        -       0x00000004   Zero   RW          180    .bss.bch            display.o
    0x20000d04        -       0x00000004   Zero   RW          181    .bss.bcl            display.o
    0x20000d08        -       0x00000008   Zero   RW          186    .bss.cfont          display.o
    0x20000d10        -       0x00000004   Zero   RW          178    .bss.fch            display.o
    0x20000d14        -       0x00000004   Zero   RW          179    .bss.fcl            display.o
    0x20000d18        -       0x00000004   Zero   RW           89    .bss.msTicks        systimer.o
    0x20000d1c        -       0x0000000c   Zero   RW           23    .bss.strDate        main.o
    0x20000d28        -       0x0000000c   Zero   RW           22    .bss.strTime        main.o
    0x20000d34   COMPRESSED   0x00000004   PAD
    0x20000d38        -       0x00000200   Zero   RW           40    HEAP                startup_stm32l476xx.o
    0x20000f38        -       0x00000400   Zero   RW           39    STACK               startup_stm32l476xx.o


==============================================================================

Image component sizes


      Code (inc. data)   RO Data    RW Data    ZI Data      Debug   Object Name

      2174          0          0          0         40       5674   display.o
        44          0          0          0          0       5474   exti.o
         0          0          0       3044          0        524   fonts.o
       102          0          0          0          0       1954   led.o
      1140          0        182          0         24       4327   main.o
      1746          0         30          0          0       6286   rtc.o
       320          0          0          0          0       2413   spi.o
       140         48        392          0       1536        876   startup_stm32l476xx.o
       466          0          0          0          0       2087   sysclock.o
       262          0          0          0          4       4280   systimer.o
       634          0          0          0          0       3085   uart.o
        68          0          0          0        168       1539   uart_printf.o

    ----------------------------------------------------------------------
      7170         48        636       3044       1780      38519   Object Totals
         0          0         32          0          0          0   (incl. Generated)
        74          0          0          0          8          0   (incl. Padding)

    ----------------------------------------------------------------------

      Code (inc. data)   RO Data    RW Data    ZI Data      Debug   Library Member Name

       100          0          0          0          0          0   __dclz77c.o
         8          0          0          0          0         68   __main.o
       398          4         17          0          0         92   __printf_flags_ss_wp.o
        14          0          0          0          0         68   __printf_wp.o
         0          0          0          0          0          0   __rtentry.o
        12          0          0          0          0          0   __rtentry2.o
         6          0          0          0          0          0   __rtentry4.o
        52          8          0          0          0          0   __scatter.o
        28          0          0          0          0          0   __scatter_zi.o
        72          0          0          0          0         96   _c16rtomb.o
        28          0          0          0          0         68   _chval.o
        64          0          0          0          0         84   _mbrtoc16.o
         6          0          0          0          0          0   _printf_a.o
         6          0          0          0          0          0   _printf_c.o
        44          0          0          0          0        108   _printf_char.o
        48          6          0          0          0         96   _printf_char_common.o
        36          4          0          0          0         80   _printf_char_file.o
        40          0          0          0          0         68   _printf_charcount.o
         6          0          0          0          0          0   _printf_d.o
       120         16          0          0          0         92   _printf_dec.o
         6          0          0          0          0          0   _printf_e.o
         6          0          0          0          0          0   _printf_f.o
      1058          0          0          0          0        148   _printf_fp_dec.o
       770          8         38          0          0        100   _printf_fp_hex.o
       128         16          0          0          0         84   _printf_fp_infnan.o
         6          0          0          0          0          0   _printf_g.o
       148          4         40          0          0        160   _printf_hex_int_ll_ptr.o
         6          0          0          0          0          0   _printf_i.o
       178          0          0          0          0         88   _printf_intcommon.o
        10          0          0          0          0          0   _printf_l.o
         6          0          0          0          0          0   _printf_lc.o
        10          0          0          0          0          0   _printf_ll.o
         6          0          0          0          0          0   _printf_lld.o
         6          0          0          0          0          0   _printf_lli.o
         6          0          0          0          0          0   _printf_llo.o
         6          0          0          0          0          0   _printf_llu.o
         6          0          0          0          0          0   _printf_llx.o
       124         16          0          0          0         92   _printf_longlong_dec.o
         6          0          0          0          0          0   _printf_ls.o
         6          0          0          0          0          0   _printf_n.o
         6          0          0          0          0          0   _printf_o.o
       112          8          0          0          0        124   _printf_oct_int_ll.o
         6          0          0          0          0          0   _printf_p.o
        78          0          0          0          0        108   _printf_pad.o
         0          0          0          0          0          0   _printf_percent.o
         4          0          0          0          0          0   _printf_percent_end.o
         6          0          0          0          0          0   _printf_s.o
        82          0          0          0          0         80   _printf_str.o
        36          0          0          0          0         84   _printf_truncate.o
         6          0          0          0          0          0   _printf_u.o
        44          0          0          0          0        108   _printf_wchar.o
       194          6          8          0          0         92   _printf_wctomb.o
         6          0          0          0          0          0   _printf_x.o
        22          0          0          0          0        100   _rserrno.o
       890          6          0          0          0        100   _scanf.o
       338          0          0          0          0         96   _scanf_int.o
       348          0          0          0          0        100   _scanf_longlong.o
       282          0          0          0          0        100   _scanf_mbtowc.o
       230          0          0          0          0         96   _scanf_str.o
        30          0          0          0          0         76   _scanf_wcharmap.o
       238          0          0          0          0        100   _scanf_wctomb.o
       214          0          0          0          0         96   _scanf_wstr.o
        10          0          0          0          0         68   _sputc.o
        72          0          0          0          0         92   backspace.o
       228          4        148          0          0         96   bigflt0.o
      2152        136          0          0          0        956   btod.o
        18          0          0          0          0         80   exit.o
         8          0          0          0          0         68   ferror.o
         6          0          0          0          0        152   heapauxi.o
         0          0          0          0          0          0   indicate_semi.o
        18          0          0          0          0         76   isspace.o
        44         10        272          0          0         76   lc_ctype_c.o
        44         10         28          0          0         76   lc_numeric_c.o
         2          0          0          0          0          0   libinit.o
        34          0          0          0          0          0   libinit2.o
         2          0          0          0          0          0   libshutdown.o
         2          0          0          0          0          0   libshutdown2.o
         8          4          0          0         96         68   libspace.o
        38          0          0          0          0         68   llshl.o
       138          0          0          0          0         80   lludiv10.o
        24          4          0          0          0         84   printf.o
        16          4          0          0          0         76   rt_ctype_table.o
         8          4          0          0          0         68   rt_errno_addr_intlibspace.o
         8          4          0          0          0         68   rt_locale_intlibspace.o
         2          0          0          0          0          0   rtexit.o
        10          0          0          0          0          0   rtexit2.o
        32          6          0          0          0         84   scanf.o
        44          8          0          0          0         84   scanf_char.o
        24          8          0          0          0         68   scanf_char_file.o
      1288         16          0          0          0        168   scanf_fp.o
       806         14          0          0          0        100   scanf_hexfp.o
       314         16          0          0          0        100   scanf_infnan.o
        44          6          0          0          0         84   sprintf.o
       124          0          0          0          0         88   strcmpv7em.o
        12          4          0          0          0         68   sys_exit.o
        74          0          0          0          0         80   sys_stackheap_outer.o
        72         12          0          0          0         68   ungetc.o
         2          0          0          0          0         68   use_no_semi.o
        98          4          0          0          0        140   d2f.o
        16          4          0          0          0        116   dcheck1.o
        24          0          0          0          0        116   dcmpi.o
       120          4          0          0          0        140   deqf.o
       120          4          0          0          0        140   dleqf.o
       340         12          0          0          0        152   dmul.o
       156          4          0          0          0        140   dnaninf.o
        12          0          0          0          0        116   dretinf.o
       108          0          0          0          0        128   drleqf.o
         0          0         16          0          0          0   fpconst.o
        26          0          0          0          0        116   fpinit.o
        10          0          0          0          0        116   fretinf.o
         6          0          0          0          0        116   istatus.o
         4          0          0          0          0        116   printf1.o
         4          0          0          0          0        116   printf2.o
       100          0          0          0          0        116   retnan.o
        92          0          0          0          0        116   scalbn.o
         4          0          0          0          0        116   scanf1.o
         8          0          0          0          0        132   scanf2.o
        48          0          0          0          0        116   trapv.o
         0          0          0          0          0          0   usenofp.o
        64         16          0          0          0        248   dunder.o
        48          0          0          0          0        124   fpclassify.o
       140         22          0          0          0        132   frexp.o
       228          8          0          0          0        308   ldexp.o
       266         16          0          0          0        308   narrow.o

    ----------------------------------------------------------------------
     14566        466        568          0         96       9848   Library Totals
        38          0          1          0          0          0   (incl. Padding)

    ----------------------------------------------------------------------

      Code (inc. data)   RO Data    RW Data    ZI Data      Debug   Library Name

     12486        372        551          0         96       6364   c_w.l
      1296         32         16          0          0       2364   fz_wm.l
       746         62          0          0          0       1120   m_wm.l

    ----------------------------------------------------------------------
     14566        466        568          0         96       9848   Library Totals

    ----------------------------------------------------------------------

==============================================================================


      Code (inc. data)   RO Data    RW Data    ZI Data      Debug   

     21736        514       1204       3044       1876      42203   Grand Totals
     21736        514       1204       1120       1876      42203   ELF Image Totals (compressed)
     21736        514       1204       1120          0          0   ROM Totals

==============================================================================

    Total RO  Size (Code + RO Data)                22940 (  22.40kB)
    Total RW  Size (RW Data + ZI Data)              4920 (   4.80kB)
    Total ROM Size (Code + RO Data + RW Data)      24060 (  23.50kB)

==============================================================================

